<testsuites id="" name="" tests="258" failures="22" skipped="0" errors="0" time="500.43334100000004">
<testsuite name="accessibility.spec.js" timestamp="2025-11-10T02:50:30.981Z" hostname="mobile-chrome" tests="7" failures="6" skipped="0" time="81.679" errors="0">
<testcase name="Budget Control - Accessibility Tests › should pass accessibility audit on login page" classname="accessibility.spec.js" time="18.191">
<failure message="accessibility.spec.js:10:3 should pass accessibility audit on login page" type="FAILURE">
<![CDATA[  [mobile-chrome] › accessibility.spec.js:10:3 › Budget Control - Accessibility Tests › should pass accessibility audit on login page 

    Error: expect(received).toEqual(expected) // deep equality

    - Expected  -  1
    + Received  + 97

    - Array []
    + Array [
    +   Object {
    +     "description": "Ensure the contrast between foreground and background colors meets WCAG 2 AA minimum contrast ratio thresholds",
    +     "help": "Elements must meet minimum color contrast ratio thresholds",
    +     "helpUrl": "https://dequeuniversity.com/rules/axe/4.11/color-contrast?application=playwright",
    +     "id": "color-contrast",
    +     "impact": "serious",
    +     "nodes": Array [
    +       Object {
    +         "all": Array [],
    +         "any": Array [
    +           Object {
    +             "data": Object {
    +               "bgColor": "#3b82f6",
    +               "contrastRatio": 3.67,
    +               "expectedContrastRatio": "4.5:1",
    +               "fgColor": "#ffffff",
    +               "fontSize": "10.5pt (14px)",
    +               "fontWeight": "normal",
    +               "messageKey": null,
    +             },
    +             "id": "color-contrast",
    +             "impact": "serious",
    +             "message": "Element has insufficient color contrast of 3.67 (foreground color: #ffffff, background color: #3b82f6, font size: 10.5pt (14px), font weight: normal). Expected contrast ratio of 4.5:1",
    +             "relatedNodes": Array [
    +               Object {
    +                 "html": "<button type=\"submit\" class=\"btn btn-primary w-full\">
    +                         Přihlásit se
    +                     </button>",
    +                 "target": Array [
    +                   "button",
    +                 ],
    +               },
    +             ],
    +           },
    +         ],
    +         "failureSummary": "Fix any of the following:
    +   Element has insufficient color contrast of 3.67 (foreground color: #ffffff, background color: #3b82f6, font size: 10.5pt (14px), font weight: normal). Expected contrast ratio of 4.5:1",
    +         "html": "<button type=\"submit\" class=\"btn btn-primary w-full\">
    +                         Přihlásit se
    +                     </button>",
    +         "impact": "serious",
    +         "none": Array [],
    +         "target": Array [
    +           "button",
    +         ],
    +       },
    +       Object {
    +         "all": Array [],
    +         "any": Array [
    +           Object {
    +             "data": Object {
    +               "bgColor": "#ffffff",
    +               "contrastRatio": 3.67,
    +               "expectedContrastRatio": "4.5:1",
    +               "fgColor": "#1e88e5",
    +               "fontSize": "12.0pt (16px)",
    +               "fontWeight": "normal",
    +               "messageKey": null,
    +             },
    +             "id": "color-contrast",
    +             "impact": "serious",
    +             "message": "Element has insufficient color contrast of 3.67 (foreground color: #1e88e5, background color: #ffffff, font size: 12.0pt (16px), font weight: normal). Expected contrast ratio of 4.5:1",
    +             "relatedNodes": Array [
    +               Object {
    +                 "html": "<div class=\"card w-full max-w-md\">",
    +                 "target": Array [
    +                   ".card",
    +                 ],
    +               },
    +             ],
    +           },
    +         ],
    +         "failureSummary": "Fix any of the following:
    +   Element has insufficient color contrast of 3.67 (foreground color: #1e88e5, background color: #ffffff, font size: 12.0pt (16px), font weight: normal). Expected contrast ratio of 4.5:1",
    +         "html": "<a href=\"/register\" class=\"text-google-blue-600 hover:text-google-blue-700 font-medium\">Registrujte se</a>",
    +         "impact": "serious",
    +         "none": Array [],
    +         "target": Array [
    +           "a",
    +         ],
    +       },
    +     ],
    +     "tags": Array [
    +       "cat.color",
    +       "wcag2aa",
    +       "wcag143",
    +       "TTv5",
    +       "TT13.c",
    +       "EN-301-549",
    +       "EN-9.1.4.3",
    +       "ACT",
    +       "RGAAv4",
    +       "RGAA-3.2.1",
    +     ],
    +   },
    + ]

      15 |       .analyze();
      16 |
    > 17 |     expect(accessibilityScanResults.violations).toEqual([]);
         |                                                 ^
      18 |   });
      19 |
      20 |   test('should pass accessibility audit on register page', async ({ page }) => {
        at c:\ClaudeProjects\budget-control\tests\accessibility.spec.js:17:49

    attachment #1: screenshot (image/png) ──────────────────────────────────────────────────────────
    ..\test-results\accessibility-Budget-Contr-bf5e5-ibility-audit-on-login-page-mobile-chrome\test-failed-1.png
    ────────────────────────────────────────────────────────────────────────────────────────────────

    Error Context: ..\test-results\accessibility-Budget-Contr-bf5e5-ibility-audit-on-login-page-mobile-chrome\error-context.md

    Retry #1 ───────────────────────────────────────────────────────────────────────────────────────

    Error: expect(received).toEqual(expected) // deep equality

    - Expected  -  1
    + Received  + 97

    - Array []
    + Array [
    +   Object {
    +     "description": "Ensure the contrast between foreground and background colors meets WCAG 2 AA minimum contrast ratio thresholds",
    +     "help": "Elements must meet minimum color contrast ratio thresholds",
    +     "helpUrl": "https://dequeuniversity.com/rules/axe/4.11/color-contrast?application=playwright",
    +     "id": "color-contrast",
    +     "impact": "serious",
    +     "nodes": Array [
    +       Object {
    +         "all": Array [],
    +         "any": Array [
    +           Object {
    +             "data": Object {
    +               "bgColor": "#3b82f6",
    +               "contrastRatio": 3.67,
    +               "expectedContrastRatio": "4.5:1",
    +               "fgColor": "#ffffff",
    +               "fontSize": "10.5pt (14px)",
    +               "fontWeight": "normal",
    +               "messageKey": null,
    +             },
    +             "id": "color-contrast",
    +             "impact": "serious",
    +             "message": "Element has insufficient color contrast of 3.67 (foreground color: #ffffff, background color: #3b82f6, font size: 10.5pt (14px), font weight: normal). Expected contrast ratio of 4.5:1",
    +             "relatedNodes": Array [
    +               Object {
    +                 "html": "<button type=\"submit\" class=\"btn btn-primary w-full\">
    +                         Přihlásit se
    +                     </button>",
    +                 "target": Array [
    +                   "button",
    +                 ],
    +               },
    +             ],
    +           },
    +         ],
    +         "failureSummary": "Fix any of the following:
    +   Element has insufficient color contrast of 3.67 (foreground color: #ffffff, background color: #3b82f6, font size: 10.5pt (14px), font weight: normal). Expected contrast ratio of 4.5:1",
    +         "html": "<button type=\"submit\" class=\"btn btn-primary w-full\">
    +                         Přihlásit se
    +                     </button>",
    +         "impact": "serious",
    +         "none": Array [],
    +         "target": Array [
    +           "button",
    +         ],
    +       },
    +       Object {
    +         "all": Array [],
    +         "any": Array [
    +           Object {
    +             "data": Object {
    +               "bgColor": "#ffffff",
    +               "contrastRatio": 3.67,
    +               "expectedContrastRatio": "4.5:1",
    +               "fgColor": "#1e88e5",
    +               "fontSize": "12.0pt (16px)",
    +               "fontWeight": "normal",
    +               "messageKey": null,
    +             },
    +             "id": "color-contrast",
    +             "impact": "serious",
    +             "message": "Element has insufficient color contrast of 3.67 (foreground color: #1e88e5, background color: #ffffff, font size: 12.0pt (16px), font weight: normal). Expected contrast ratio of 4.5:1",
    +             "relatedNodes": Array [
    +               Object {
    +                 "html": "<div class=\"card w-full max-w-md\">",
    +                 "target": Array [
    +                   ".card",
    +                 ],
    +               },
    +             ],
    +           },
    +         ],
    +         "failureSummary": "Fix any of the following:
    +   Element has insufficient color contrast of 3.67 (foreground color: #1e88e5, background color: #ffffff, font size: 12.0pt (16px), font weight: normal). Expected contrast ratio of 4.5:1",
    +         "html": "<a href=\"/register\" class=\"text-google-blue-600 hover:text-google-blue-700 font-medium\">Registrujte se</a>",
    +         "impact": "serious",
    +         "none": Array [],
    +         "target": Array [
    +           "a",
    +         ],
    +       },
    +     ],
    +     "tags": Array [
    +       "cat.color",
    +       "wcag2aa",
    +       "wcag143",
    +       "TTv5",
    +       "TT13.c",
    +       "EN-301-549",
    +       "EN-9.1.4.3",
    +       "ACT",
    +       "RGAAv4",
    +       "RGAA-3.2.1",
    +     ],
    +   },
    + ]

      15 |       .analyze();
      16 |
    > 17 |     expect(accessibilityScanResults.violations).toEqual([]);
         |                                                 ^
      18 |   });
      19 |
      20 |   test('should pass accessibility audit on register page', async ({ page }) => {
        at c:\ClaudeProjects\budget-control\tests\accessibility.spec.js:17:49

    attachment #1: screenshot (image/png) ──────────────────────────────────────────────────────────
    ..\test-results\accessibility-Budget-Contr-bf5e5-ibility-audit-on-login-page-mobile-chrome-retry1\test-failed-1.png
    ────────────────────────────────────────────────────────────────────────────────────────────────

    Error Context: ..\test-results\accessibility-Budget-Contr-bf5e5-ibility-audit-on-login-page-mobile-chrome-retry1\error-context.md

    attachment #3: trace (application/zip) ─────────────────────────────────────────────────────────
    ..\test-results\accessibility-Budget-Contr-bf5e5-ibility-audit-on-login-page-mobile-chrome-retry1\trace.zip
    Usage:

        npx playwright show-trace ..\test-results\accessibility-Budget-Contr-bf5e5-ibility-audit-on-login-page-mobile-chrome-retry1\trace.zip

    ────────────────────────────────────────────────────────────────────────────────────────────────
]]>
</failure>
<system-out>
<![CDATA[
[[ATTACHMENT|accessibility-Budget-Contr-bf5e5-ibility-audit-on-login-page-mobile-chrome\test-failed-1.png]]

[[ATTACHMENT|accessibility-Budget-Contr-bf5e5-ibility-audit-on-login-page-mobile-chrome\error-context.md]]

[[ATTACHMENT|accessibility-Budget-Contr-bf5e5-ibility-audit-on-login-page-mobile-chrome-retry1\test-failed-1.png]]

[[ATTACHMENT|accessibility-Budget-Contr-bf5e5-ibility-audit-on-login-page-mobile-chrome-retry1\error-context.md]]

[[ATTACHMENT|accessibility-Budget-Contr-bf5e5-ibility-audit-on-login-page-mobile-chrome-retry1\trace.zip]]
]]>
</system-out>
</testcase>
<testcase name="Budget Control - Accessibility Tests › should pass accessibility audit on register page" classname="accessibility.spec.js" time="13.897">
<failure message="accessibility.spec.js:20:3 should pass accessibility audit on register page" type="FAILURE">
<![CDATA[  [mobile-chrome] › accessibility.spec.js:20:3 › Budget Control - Accessibility Tests › should pass accessibility audit on register page 

    Error: expect(received).toEqual(expected) // deep equality

    - Expected  -  1
    + Received  + 97

    - Array []
    + Array [
    +   Object {
    +     "description": "Ensure the contrast between foreground and background colors meets WCAG 2 AA minimum contrast ratio thresholds",
    +     "help": "Elements must meet minimum color contrast ratio thresholds",
    +     "helpUrl": "https://dequeuniversity.com/rules/axe/4.11/color-contrast?application=playwright",
    +     "id": "color-contrast",
    +     "impact": "serious",
    +     "nodes": Array [
    +       Object {
    +         "all": Array [],
    +         "any": Array [
    +           Object {
    +             "data": Object {
    +               "bgColor": "#3b82f6",
    +               "contrastRatio": 3.67,
    +               "expectedContrastRatio": "4.5:1",
    +               "fgColor": "#ffffff",
    +               "fontSize": "10.5pt (14px)",
    +               "fontWeight": "normal",
    +               "messageKey": null,
    +             },
    +             "id": "color-contrast",
    +             "impact": "serious",
    +             "message": "Element has insufficient color contrast of 3.67 (foreground color: #ffffff, background color: #3b82f6, font size: 10.5pt (14px), font weight: normal). Expected contrast ratio of 4.5:1",
    +             "relatedNodes": Array [
    +               Object {
    +                 "html": "<button type=\"submit\" class=\"btn btn-primary w-full\">
    +                         Registrovat se
    +                     </button>",
    +                 "target": Array [
    +                   "button",
    +                 ],
    +               },
    +             ],
    +           },
    +         ],
    +         "failureSummary": "Fix any of the following:
    +   Element has insufficient color contrast of 3.67 (foreground color: #ffffff, background color: #3b82f6, font size: 10.5pt (14px), font weight: normal). Expected contrast ratio of 4.5:1",
    +         "html": "<button type=\"submit\" class=\"btn btn-primary w-full\">
    +                         Registrovat se
    +                     </button>",
    +         "impact": "serious",
    +         "none": Array [],
    +         "target": Array [
    +           "button",
    +         ],
    +       },
    +       Object {
    +         "all": Array [],
    +         "any": Array [
    +           Object {
    +             "data": Object {
    +               "bgColor": "#ffffff",
    +               "contrastRatio": 3.67,
    +               "expectedContrastRatio": "4.5:1",
    +               "fgColor": "#1e88e5",
    +               "fontSize": "12.0pt (16px)",
    +               "fontWeight": "normal",
    +               "messageKey": null,
    +             },
    +             "id": "color-contrast",
    +             "impact": "serious",
    +             "message": "Element has insufficient color contrast of 3.67 (foreground color: #1e88e5, background color: #ffffff, font size: 12.0pt (16px), font weight: normal). Expected contrast ratio of 4.5:1",
    +             "relatedNodes": Array [
    +               Object {
    +                 "html": "<div class=\"card w-full max-w-md\">",
    +                 "target": Array [
    +                   ".card",
    +                 ],
    +               },
    +             ],
    +           },
    +         ],
    +         "failureSummary": "Fix any of the following:
    +   Element has insufficient color contrast of 3.67 (foreground color: #1e88e5, background color: #ffffff, font size: 12.0pt (16px), font weight: normal). Expected contrast ratio of 4.5:1",
    +         "html": "<a href=\"/login\" class=\"text-google-blue-600 hover:text-google-blue-700 font-medium\">Přihlaste se</a>",
    +         "impact": "serious",
    +         "none": Array [],
    +         "target": Array [
    +           "a",
    +         ],
    +       },
    +     ],
    +     "tags": Array [
    +       "cat.color",
    +       "wcag2aa",
    +       "wcag143",
    +       "TTv5",
    +       "TT13.c",
    +       "EN-301-549",
    +       "EN-9.1.4.3",
    +       "ACT",
    +       "RGAAv4",
    +       "RGAA-3.2.1",
    +     ],
    +   },
    + ]

      25 |       .analyze();
      26 |
    > 27 |     expect(accessibilityScanResults.violations).toEqual([]);
         |                                                 ^
      28 |   });
      29 |
      30 |   test('should have proper ARIA labels and roles', async ({ page }) => {
        at c:\ClaudeProjects\budget-control\tests\accessibility.spec.js:27:49

    attachment #1: screenshot (image/png) ──────────────────────────────────────────────────────────
    ..\test-results\accessibility-Budget-Contr-021fc-lity-audit-on-register-page-mobile-chrome\test-failed-1.png
    ────────────────────────────────────────────────────────────────────────────────────────────────

    Error Context: ..\test-results\accessibility-Budget-Contr-021fc-lity-audit-on-register-page-mobile-chrome\error-context.md

    Retry #1 ───────────────────────────────────────────────────────────────────────────────────────

    Error: expect(received).toEqual(expected) // deep equality

    - Expected  -  1
    + Received  + 97

    - Array []
    + Array [
    +   Object {
    +     "description": "Ensure the contrast between foreground and background colors meets WCAG 2 AA minimum contrast ratio thresholds",
    +     "help": "Elements must meet minimum color contrast ratio thresholds",
    +     "helpUrl": "https://dequeuniversity.com/rules/axe/4.11/color-contrast?application=playwright",
    +     "id": "color-contrast",
    +     "impact": "serious",
    +     "nodes": Array [
    +       Object {
    +         "all": Array [],
    +         "any": Array [
    +           Object {
    +             "data": Object {
    +               "bgColor": "#3b82f6",
    +               "contrastRatio": 3.67,
    +               "expectedContrastRatio": "4.5:1",
    +               "fgColor": "#ffffff",
    +               "fontSize": "10.5pt (14px)",
    +               "fontWeight": "normal",
    +               "messageKey": null,
    +             },
    +             "id": "color-contrast",
    +             "impact": "serious",
    +             "message": "Element has insufficient color contrast of 3.67 (foreground color: #ffffff, background color: #3b82f6, font size: 10.5pt (14px), font weight: normal). Expected contrast ratio of 4.5:1",
    +             "relatedNodes": Array [
    +               Object {
    +                 "html": "<button type=\"submit\" class=\"btn btn-primary w-full\">
    +                         Registrovat se
    +                     </button>",
    +                 "target": Array [
    +                   "button",
    +                 ],
    +               },
    +             ],
    +           },
    +         ],
    +         "failureSummary": "Fix any of the following:
    +   Element has insufficient color contrast of 3.67 (foreground color: #ffffff, background color: #3b82f6, font size: 10.5pt (14px), font weight: normal). Expected contrast ratio of 4.5:1",
    +         "html": "<button type=\"submit\" class=\"btn btn-primary w-full\">
    +                         Registrovat se
    +                     </button>",
    +         "impact": "serious",
    +         "none": Array [],
    +         "target": Array [
    +           "button",
    +         ],
    +       },
    +       Object {
    +         "all": Array [],
    +         "any": Array [
    +           Object {
    +             "data": Object {
    +               "bgColor": "#ffffff",
    +               "contrastRatio": 3.67,
    +               "expectedContrastRatio": "4.5:1",
    +               "fgColor": "#1e88e5",
    +               "fontSize": "12.0pt (16px)",
    +               "fontWeight": "normal",
    +               "messageKey": null,
    +             },
    +             "id": "color-contrast",
    +             "impact": "serious",
    +             "message": "Element has insufficient color contrast of 3.67 (foreground color: #1e88e5, background color: #ffffff, font size: 12.0pt (16px), font weight: normal). Expected contrast ratio of 4.5:1",
    +             "relatedNodes": Array [
    +               Object {
    +                 "html": "<div class=\"card w-full max-w-md\">",
    +                 "target": Array [
    +                   ".card",
    +                 ],
    +               },
    +             ],
    +           },
    +         ],
    +         "failureSummary": "Fix any of the following:
    +   Element has insufficient color contrast of 3.67 (foreground color: #1e88e5, background color: #ffffff, font size: 12.0pt (16px), font weight: normal). Expected contrast ratio of 4.5:1",
    +         "html": "<a href=\"/login\" class=\"text-google-blue-600 hover:text-google-blue-700 font-medium\">Přihlaste se</a>",
    +         "impact": "serious",
    +         "none": Array [],
    +         "target": Array [
    +           "a",
    +         ],
    +       },
    +     ],
    +     "tags": Array [
    +       "cat.color",
    +       "wcag2aa",
    +       "wcag143",
    +       "TTv5",
    +       "TT13.c",
    +       "EN-301-549",
    +       "EN-9.1.4.3",
    +       "ACT",
    +       "RGAAv4",
    +       "RGAA-3.2.1",
    +     ],
    +   },
    + ]

      25 |       .analyze();
      26 |
    > 27 |     expect(accessibilityScanResults.violations).toEqual([]);
         |                                                 ^
      28 |   });
      29 |
      30 |   test('should have proper ARIA labels and roles', async ({ page }) => {
        at c:\ClaudeProjects\budget-control\tests\accessibility.spec.js:27:49

    attachment #1: screenshot (image/png) ──────────────────────────────────────────────────────────
    ..\test-results\accessibility-Budget-Contr-021fc-lity-audit-on-register-page-mobile-chrome-retry1\test-failed-1.png
    ────────────────────────────────────────────────────────────────────────────────────────────────

    Error Context: ..\test-results\accessibility-Budget-Contr-021fc-lity-audit-on-register-page-mobile-chrome-retry1\error-context.md

    attachment #3: trace (application/zip) ─────────────────────────────────────────────────────────
    ..\test-results\accessibility-Budget-Contr-021fc-lity-audit-on-register-page-mobile-chrome-retry1\trace.zip
    Usage:

        npx playwright show-trace ..\test-results\accessibility-Budget-Contr-021fc-lity-audit-on-register-page-mobile-chrome-retry1\trace.zip

    ────────────────────────────────────────────────────────────────────────────────────────────────
]]>
</failure>
<system-out>
<![CDATA[
[[ATTACHMENT|accessibility-Budget-Contr-021fc-lity-audit-on-register-page-mobile-chrome\test-failed-1.png]]

[[ATTACHMENT|accessibility-Budget-Contr-021fc-lity-audit-on-register-page-mobile-chrome\error-context.md]]

[[ATTACHMENT|accessibility-Budget-Contr-021fc-lity-audit-on-register-page-mobile-chrome-retry1\test-failed-1.png]]

[[ATTACHMENT|accessibility-Budget-Contr-021fc-lity-audit-on-register-page-mobile-chrome-retry1\error-context.md]]

[[ATTACHMENT|accessibility-Budget-Contr-021fc-lity-audit-on-register-page-mobile-chrome-retry1\trace.zip]]
]]>
</system-out>
</testcase>
<testcase name="Budget Control - Accessibility Tests › should have proper ARIA labels and roles" classname="accessibility.spec.js" time="26.073">
<failure message="accessibility.spec.js:30:3 should have proper ARIA labels and roles" type="FAILURE">
<![CDATA[  [mobile-chrome] › accessibility.spec.js:30:3 › Budget Control - Accessibility Tests › should have proper ARIA labels and roles 

    Error: expect(locator).toHaveAttribute(expected) failed

    Locator: locator('input[type="email"]')
    Expected pattern: /.*/
    Received string:  ""
    Timeout: 10000ms

    Call log:
      - Expect "toHaveAttribute" with timeout 10000ms
      - waiting for locator('input[type="email"]')
        13 × locator resolved to <input id="email" required="" type="email" name="email" class="form-input" placeholder="vase@email.com"/>
           - unexpected value "null"


      33 |     // Check for proper form labels
      34 |     const emailInput = page.locator('input[type="email"]');
    > 35 |     await expect(emailInput).toHaveAttribute('aria-label', /.*/);
         |                              ^
      36 |
      37 |     const passwordInput = page.locator('input[type="password"]');
      38 |     await expect(passwordInput).toHaveAttribute('aria-label', /.*/);
        at c:\ClaudeProjects\budget-control\tests\accessibility.spec.js:35:30

    attachment #1: screenshot (image/png) ──────────────────────────────────────────────────────────
    ..\test-results\accessibility-Budget-Contr-1ec5a-roper-ARIA-labels-and-roles-mobile-chrome\test-failed-1.png
    ────────────────────────────────────────────────────────────────────────────────────────────────

    Error Context: ..\test-results\accessibility-Budget-Contr-1ec5a-roper-ARIA-labels-and-roles-mobile-chrome\error-context.md

    Retry #1 ───────────────────────────────────────────────────────────────────────────────────────

    Error: expect(locator).toHaveAttribute(expected) failed

    Locator: locator('input[type="email"]')
    Expected pattern: /.*/
    Received string:  ""
    Timeout: 10000ms

    Call log:
      - Expect "toHaveAttribute" with timeout 10000ms
      - waiting for locator('input[type="email"]')
        13 × locator resolved to <input id="email" required="" type="email" name="email" class="form-input" placeholder="vase@email.com"/>
           - unexpected value "null"


      33 |     // Check for proper form labels
      34 |     const emailInput = page.locator('input[type="email"]');
    > 35 |     await expect(emailInput).toHaveAttribute('aria-label', /.*/);
         |                              ^
      36 |
      37 |     const passwordInput = page.locator('input[type="password"]');
      38 |     await expect(passwordInput).toHaveAttribute('aria-label', /.*/);
        at c:\ClaudeProjects\budget-control\tests\accessibility.spec.js:35:30

    attachment #1: screenshot (image/png) ──────────────────────────────────────────────────────────
    ..\test-results\accessibility-Budget-Contr-1ec5a-roper-ARIA-labels-and-roles-mobile-chrome-retry1\test-failed-1.png
    ────────────────────────────────────────────────────────────────────────────────────────────────

    Error Context: ..\test-results\accessibility-Budget-Contr-1ec5a-roper-ARIA-labels-and-roles-mobile-chrome-retry1\error-context.md

    attachment #3: trace (application/zip) ─────────────────────────────────────────────────────────
    ..\test-results\accessibility-Budget-Contr-1ec5a-roper-ARIA-labels-and-roles-mobile-chrome-retry1\trace.zip
    Usage:

        npx playwright show-trace ..\test-results\accessibility-Budget-Contr-1ec5a-roper-ARIA-labels-and-roles-mobile-chrome-retry1\trace.zip

    ────────────────────────────────────────────────────────────────────────────────────────────────
]]>
</failure>
<system-out>
<![CDATA[
[[ATTACHMENT|accessibility-Budget-Contr-1ec5a-roper-ARIA-labels-and-roles-mobile-chrome\test-failed-1.png]]

[[ATTACHMENT|accessibility-Budget-Contr-1ec5a-roper-ARIA-labels-and-roles-mobile-chrome\error-context.md]]

[[ATTACHMENT|accessibility-Budget-Contr-1ec5a-roper-ARIA-labels-and-roles-mobile-chrome-retry1\test-failed-1.png]]

[[ATTACHMENT|accessibility-Budget-Contr-1ec5a-roper-ARIA-labels-and-roles-mobile-chrome-retry1\error-context.md]]

[[ATTACHMENT|accessibility-Budget-Contr-1ec5a-roper-ARIA-labels-and-roles-mobile-chrome-retry1\trace.zip]]
]]>
</system-out>
</testcase>
<testcase name="Budget Control - Accessibility Tests › should support keyboard navigation" classname="accessibility.spec.js" time="3.049">
</testcase>
<testcase name="Budget Control - Accessibility Tests › should have sufficient color contrast" classname="accessibility.spec.js" time="10.392">
<failure message="accessibility.spec.js:58:3 should have sufficient color contrast" type="FAILURE">
<![CDATA[  [mobile-chrome] › accessibility.spec.js:58:3 › Budget Control - Accessibility Tests › should have sufficient color contrast 

    Error: expect(received).toBe(expected) // Object.is equality

    Expected: 0
    Received: 1

      66 |     // Should not have color contrast violations
      67 |     const contrastViolations = results.violations.filter(v => v.id === 'color-contrast');
    > 68 |     expect(contrastViolations.length).toBe(0);
         |                                       ^
      69 |   });
      70 |
      71 |   test('should support screen reader navigation', async ({ page }) => {
        at c:\ClaudeProjects\budget-control\tests\accessibility.spec.js:68:39

    attachment #1: screenshot (image/png) ──────────────────────────────────────────────────────────
    ..\test-results\accessibility-Budget-Contr-85ee0-e-sufficient-color-contrast-mobile-chrome\test-failed-1.png
    ────────────────────────────────────────────────────────────────────────────────────────────────

    Error Context: ..\test-results\accessibility-Budget-Contr-85ee0-e-sufficient-color-contrast-mobile-chrome\error-context.md

    Retry #1 ───────────────────────────────────────────────────────────────────────────────────────

    Error: expect(received).toBe(expected) // Object.is equality

    Expected: 0
    Received: 1

      66 |     // Should not have color contrast violations
      67 |     const contrastViolations = results.violations.filter(v => v.id === 'color-contrast');
    > 68 |     expect(contrastViolations.length).toBe(0);
         |                                       ^
      69 |   });
      70 |
      71 |   test('should support screen reader navigation', async ({ page }) => {
        at c:\ClaudeProjects\budget-control\tests\accessibility.spec.js:68:39

    attachment #1: screenshot (image/png) ──────────────────────────────────────────────────────────
    ..\test-results\accessibility-Budget-Contr-85ee0-e-sufficient-color-contrast-mobile-chrome-retry1\test-failed-1.png
    ────────────────────────────────────────────────────────────────────────────────────────────────

    Error Context: ..\test-results\accessibility-Budget-Contr-85ee0-e-sufficient-color-contrast-mobile-chrome-retry1\error-context.md

    attachment #3: trace (application/zip) ─────────────────────────────────────────────────────────
    ..\test-results\accessibility-Budget-Contr-85ee0-e-sufficient-color-contrast-mobile-chrome-retry1\trace.zip
    Usage:

        npx playwright show-trace ..\test-results\accessibility-Budget-Contr-85ee0-e-sufficient-color-contrast-mobile-chrome-retry1\trace.zip

    ────────────────────────────────────────────────────────────────────────────────────────────────
]]>
</failure>
<system-out>
<![CDATA[
[[ATTACHMENT|accessibility-Budget-Contr-85ee0-e-sufficient-color-contrast-mobile-chrome\test-failed-1.png]]

[[ATTACHMENT|accessibility-Budget-Contr-85ee0-e-sufficient-color-contrast-mobile-chrome\error-context.md]]

[[ATTACHMENT|accessibility-Budget-Contr-85ee0-e-sufficient-color-contrast-mobile-chrome-retry1\test-failed-1.png]]

[[ATTACHMENT|accessibility-Budget-Contr-85ee0-e-sufficient-color-contrast-mobile-chrome-retry1\error-context.md]]

[[ATTACHMENT|accessibility-Budget-Contr-85ee0-e-sufficient-color-contrast-mobile-chrome-retry1\trace.zip]]
]]>
</system-out>
</testcase>
<testcase name="Budget Control - Accessibility Tests › should support screen reader navigation" classname="accessibility.spec.js" time="5.878">
<failure message="accessibility.spec.js:71:3 should support screen reader navigation" type="FAILURE">
<![CDATA[  [mobile-chrome] › accessibility.spec.js:71:3 › Budget Control - Accessibility Tests › should support screen reader navigation 

    Error: expect(received).toBeGreaterThan(expected)

    Expected: > 0
    Received:   0

      78 |     // Check for landmarks
      79 |     const main = await page.locator('main').count();
    > 80 |     expect(main).toBeGreaterThan(0);
         |                  ^
      81 |
      82 |     // Check for form structure
      83 |     const form = await page.locator('form');
        at c:\ClaudeProjects\budget-control\tests\accessibility.spec.js:80:18

    attachment #1: screenshot (image/png) ──────────────────────────────────────────────────────────
    ..\test-results\accessibility-Budget-Contr-72d4b-rt-screen-reader-navigation-mobile-chrome\test-failed-1.png
    ────────────────────────────────────────────────────────────────────────────────────────────────

    Error Context: ..\test-results\accessibility-Budget-Contr-72d4b-rt-screen-reader-navigation-mobile-chrome\error-context.md

    Retry #1 ───────────────────────────────────────────────────────────────────────────────────────

    Error: expect(received).toBeGreaterThan(expected)

    Expected: > 0
    Received:   0

      78 |     // Check for landmarks
      79 |     const main = await page.locator('main').count();
    > 80 |     expect(main).toBeGreaterThan(0);
         |                  ^
      81 |
      82 |     // Check for form structure
      83 |     const form = await page.locator('form');
        at c:\ClaudeProjects\budget-control\tests\accessibility.spec.js:80:18

    attachment #1: screenshot (image/png) ──────────────────────────────────────────────────────────
    ..\test-results\accessibility-Budget-Contr-72d4b-rt-screen-reader-navigation-mobile-chrome-retry1\test-failed-1.png
    ────────────────────────────────────────────────────────────────────────────────────────────────

    Error Context: ..\test-results\accessibility-Budget-Contr-72d4b-rt-screen-reader-navigation-mobile-chrome-retry1\error-context.md

    attachment #3: trace (application/zip) ─────────────────────────────────────────────────────────
    ..\test-results\accessibility-Budget-Contr-72d4b-rt-screen-reader-navigation-mobile-chrome-retry1\trace.zip
    Usage:

        npx playwright show-trace ..\test-results\accessibility-Budget-Contr-72d4b-rt-screen-reader-navigation-mobile-chrome-retry1\trace.zip

    ────────────────────────────────────────────────────────────────────────────────────────────────
]]>
</failure>
<system-out>
<![CDATA[
[[ATTACHMENT|accessibility-Budget-Contr-72d4b-rt-screen-reader-navigation-mobile-chrome\test-failed-1.png]]

[[ATTACHMENT|accessibility-Budget-Contr-72d4b-rt-screen-reader-navigation-mobile-chrome\error-context.md]]

[[ATTACHMENT|accessibility-Budget-Contr-72d4b-rt-screen-reader-navigation-mobile-chrome-retry1\test-failed-1.png]]

[[ATTACHMENT|accessibility-Budget-Contr-72d4b-rt-screen-reader-navigation-mobile-chrome-retry1\error-context.md]]

[[ATTACHMENT|accessibility-Budget-Contr-72d4b-rt-screen-reader-navigation-mobile-chrome-retry1\trace.zip]]
]]>
</system-out>
</testcase>
<testcase name="Budget Control - Accessibility Tests › should handle focus management properly" classname="accessibility.spec.js" time="4.199">
<failure message="accessibility.spec.js:87:3 should handle focus management properly" type="FAILURE">
<![CDATA[  [mobile-chrome] › accessibility.spec.js:87:3 › Budget Control - Accessibility Tests › should handle focus management properly 

    Error: expect(received).toBe(expected) // Object.is equality

    Expected: "INPUT"
    Received: "BODY"

      90 |     // Focus should be on the first input field
      91 |     const activeElement = await page.evaluate(() => document.activeElement?.tagName);
    > 92 |     expect(activeElement).toBe('INPUT');
         |                           ^
      93 |
      94 |     // Focus should move logically through the form
      95 |     await page.keyboard.press('Tab');
        at c:\ClaudeProjects\budget-control\tests\accessibility.spec.js:92:27

    attachment #1: screenshot (image/png) ──────────────────────────────────────────────────────────
    ..\test-results\accessibility-Budget-Contr-23798-e-focus-management-properly-mobile-chrome\test-failed-1.png
    ────────────────────────────────────────────────────────────────────────────────────────────────

    Error Context: ..\test-results\accessibility-Budget-Contr-23798-e-focus-management-properly-mobile-chrome\error-context.md

    Retry #1 ───────────────────────────────────────────────────────────────────────────────────────

    Error: expect(received).toBe(expected) // Object.is equality

    Expected: "INPUT"
    Received: "BODY"

      90 |     // Focus should be on the first input field
      91 |     const activeElement = await page.evaluate(() => document.activeElement?.tagName);
    > 92 |     expect(activeElement).toBe('INPUT');
         |                           ^
      93 |
      94 |     // Focus should move logically through the form
      95 |     await page.keyboard.press('Tab');
        at c:\ClaudeProjects\budget-control\tests\accessibility.spec.js:92:27

    attachment #1: screenshot (image/png) ──────────────────────────────────────────────────────────
    ..\test-results\accessibility-Budget-Contr-23798-e-focus-management-properly-mobile-chrome-retry1\test-failed-1.png
    ────────────────────────────────────────────────────────────────────────────────────────────────

    Error Context: ..\test-results\accessibility-Budget-Contr-23798-e-focus-management-properly-mobile-chrome-retry1\error-context.md

    attachment #3: trace (application/zip) ─────────────────────────────────────────────────────────
    ..\test-results\accessibility-Budget-Contr-23798-e-focus-management-properly-mobile-chrome-retry1\trace.zip
    Usage:

        npx playwright show-trace ..\test-results\accessibility-Budget-Contr-23798-e-focus-management-properly-mobile-chrome-retry1\trace.zip

    ────────────────────────────────────────────────────────────────────────────────────────────────
]]>
</failure>
<system-out>
<![CDATA[
[[ATTACHMENT|accessibility-Budget-Contr-23798-e-focus-management-properly-mobile-chrome\test-failed-1.png]]

[[ATTACHMENT|accessibility-Budget-Contr-23798-e-focus-management-properly-mobile-chrome\error-context.md]]

[[ATTACHMENT|accessibility-Budget-Contr-23798-e-focus-management-properly-mobile-chrome-retry1\test-failed-1.png]]

[[ATTACHMENT|accessibility-Budget-Contr-23798-e-focus-management-properly-mobile-chrome-retry1\error-context.md]]

[[ATTACHMENT|accessibility-Budget-Contr-23798-e-focus-management-properly-mobile-chrome-retry1\trace.zip]]
]]>
</system-out>
</testcase>
</testsuite>
<testsuite name="api.spec.js" timestamp="2025-11-10T02:50:30.981Z" hostname="mobile-chrome" tests="10" failures="4" skipped="0" time="13.3" errors="0">
<testcase name="Budget Control - API Tests › should return proper API documentation" classname="api.spec.js" time="2.115">
<failure message="api.spec.js:9:3 should return proper API documentation" type="FAILURE">
<![CDATA[  [mobile-chrome] › api.spec.js:9:3 › Budget Control - API Tests › should return proper API documentation 

    Error: expect(received).toContain(expected) // indexOf

    Expected substring: "text/html"
    Received string:    "application/json"

      10 |     const response = await request.get('/api/v1/docs');
      11 |     expect(response.ok()).toBeTruthy();
    > 12 |     expect(response.headers()['content-type']).toContain('text/html');
         |                                                ^
      13 |   });
      14 |
      15 |   test('should handle unauthenticated API requests properly', async ({ request }) => {
        at c:\ClaudeProjects\budget-control\tests\api.spec.js:12:48

    Retry #1 ───────────────────────────────────────────────────────────────────────────────────────

    Error: expect(received).toContain(expected) // indexOf

    Expected substring: "text/html"
    Received string:    "application/json"

      10 |     const response = await request.get('/api/v1/docs');
      11 |     expect(response.ok()).toBeTruthy();
    > 12 |     expect(response.headers()['content-type']).toContain('text/html');
         |                                                ^
      13 |   });
      14 |
      15 |   test('should handle unauthenticated API requests properly', async ({ request }) => {
        at c:\ClaudeProjects\budget-control\tests\api.spec.js:12:48

    attachment #1: trace (application/zip) ─────────────────────────────────────────────────────────
    ..\test-results\api-Budget-Control---API-T-c77db-rn-proper-API-documentation-mobile-chrome-retry1\trace.zip
    Usage:

        npx playwright show-trace ..\test-results\api-Budget-Control---API-T-c77db-rn-proper-API-documentation-mobile-chrome-retry1\trace.zip

    ────────────────────────────────────────────────────────────────────────────────────────────────
]]>
</failure>
<system-out>
<![CDATA[
[[ATTACHMENT|api-Budget-Control---API-T-c77db-rn-proper-API-documentation-mobile-chrome-retry1\trace.zip]]
]]>
</system-out>
</testcase>
<testcase name="Budget Control - API Tests › should handle unauthenticated API requests properly" classname="api.spec.js" time="2.103">
</testcase>
<testcase name="Budget Control - API Tests › should return proper error responses for invalid endpoints" classname="api.spec.js" time="2.275">
<failure message="api.spec.js:29:3 should return proper error responses for invalid endpoints" type="FAILURE">
<![CDATA[  [mobile-chrome] › api.spec.js:29:3 › Budget Control - API Tests › should return proper error responses for invalid endpoints 

    SyntaxError: Unexpected token '<', "
    <div class"... is not valid JSON

      31 |     expect(response.status()).toBe(404);
      32 |
    > 33 |     const responseBody = await response.json();
         |                          ^
      34 |     expect(responseBody).toHaveProperty('error');
      35 |   });
      36 |
        at c:\ClaudeProjects\budget-control\tests\api.spec.js:33:26

    Retry #1 ───────────────────────────────────────────────────────────────────────────────────────

    SyntaxError: Unexpected token '<', "
    <div class"... is not valid JSON

      31 |     expect(response.status()).toBe(404);
      32 |
    > 33 |     const responseBody = await response.json();
         |                          ^
      34 |     expect(responseBody).toHaveProperty('error');
      35 |   });
      36 |
        at c:\ClaudeProjects\budget-control\tests\api.spec.js:33:26

    attachment #1: trace (application/zip) ─────────────────────────────────────────────────────────
    ..\test-results\api-Budget-Control---API-T-56c7b-onses-for-invalid-endpoints-mobile-chrome-retry1\trace.zip
    Usage:

        npx playwright show-trace ..\test-results\api-Budget-Control---API-T-56c7b-onses-for-invalid-endpoints-mobile-chrome-retry1\trace.zip

    ────────────────────────────────────────────────────────────────────────────────────────────────
]]>
</failure>
<system-out>
<![CDATA[
[[ATTACHMENT|api-Budget-Control---API-T-56c7b-onses-for-invalid-endpoints-mobile-chrome-retry1\trace.zip]]
]]>
</system-out>
</testcase>
<testcase name="Budget Control - API Tests › should handle CORS headers properly" classname="api.spec.js" time="2.829">
<failure message="api.spec.js:37:3 should handle CORS headers properly" type="FAILURE">
<![CDATA[  [mobile-chrome] › api.spec.js:37:3 › Budget Control - API Tests › should handle CORS headers properly 

    Error: expect(received).toBeTruthy()

    Received: undefined

      43 |
      44 |     // Check CORS headers
    > 45 |     expect(response.headers()['access-control-allow-origin']).toBeTruthy();
         |                                                               ^
      46 |     expect(response.headers()['access-control-allow-methods']).toContain('GET');
      47 |   });
      48 |
        at c:\ClaudeProjects\budget-control\tests\api.spec.js:45:63

    Retry #1 ───────────────────────────────────────────────────────────────────────────────────────

    Error: expect(received).toBeTruthy()

    Received: undefined

      43 |
      44 |     // Check CORS headers
    > 45 |     expect(response.headers()['access-control-allow-origin']).toBeTruthy();
         |                                                               ^
      46 |     expect(response.headers()['access-control-allow-methods']).toContain('GET');
      47 |   });
      48 |
        at c:\ClaudeProjects\budget-control\tests\api.spec.js:45:63

    attachment #1: trace (application/zip) ─────────────────────────────────────────────────────────
    ..\test-results\api-Budget-Control---API-T-e2e7d-andle-CORS-headers-properly-mobile-chrome-retry1\trace.zip
    Usage:

        npx playwright show-trace ..\test-results\api-Budget-Control---API-T-e2e7d-andle-CORS-headers-properly-mobile-chrome-retry1\trace.zip

    ────────────────────────────────────────────────────────────────────────────────────────────────
]]>
</failure>
<system-out>
<![CDATA[
[[ATTACHMENT|api-Budget-Control---API-T-e2e7d-andle-CORS-headers-properly-mobile-chrome-retry1\trace.zip]]
]]>
</system-out>
</testcase>
<testcase name="Budget Control - API Tests › should return JSON content type for API endpoints" classname="api.spec.js" time="0.626">
</testcase>
<testcase name="Budget Control - API Tests › should handle different HTTP methods appropriately" classname="api.spec.js" time="1.522">
<failure message="api.spec.js:54:3 should handle different HTTP methods appropriately" type="FAILURE">
<![CDATA[  [mobile-chrome] › api.spec.js:54:3 › Budget Control - API Tests › should handle different HTTP methods appropriately 

    Error: expect(received).toBe(expected) // Object.is equality

    Expected: 200
    Received: 404

      57 |       method: 'OPTIONS'
      58 |     });
    > 59 |     expect(optionsResponse.status()).toBe(200);
         |                                      ^
      60 |
      61 |     // Test POST method on read-only endpoint
      62 |     const postResponse = await request.post('/api/v1/transactions', {
        at c:\ClaudeProjects\budget-control\tests\api.spec.js:59:38

    Retry #1 ───────────────────────────────────────────────────────────────────────────────────────

    Error: expect(received).toBe(expected) // Object.is equality

    Expected: 200
    Received: 404

      57 |       method: 'OPTIONS'
      58 |     });
    > 59 |     expect(optionsResponse.status()).toBe(200);
         |                                      ^
      60 |
      61 |     // Test POST method on read-only endpoint
      62 |     const postResponse = await request.post('/api/v1/transactions', {
        at c:\ClaudeProjects\budget-control\tests\api.spec.js:59:38

    attachment #1: trace (application/zip) ─────────────────────────────────────────────────────────
    ..\test-results\api-Budget-Control---API-T-8fcb3--HTTP-methods-appropriately-mobile-chrome-retry1\trace.zip
    Usage:

        npx playwright show-trace ..\test-results\api-Budget-Control---API-T-8fcb3--HTTP-methods-appropriately-mobile-chrome-retry1\trace.zip

    ────────────────────────────────────────────────────────────────────────────────────────────────
]]>
</failure>
<system-out>
<![CDATA[
[[ATTACHMENT|api-Budget-Control---API-T-8fcb3--HTTP-methods-appropriately-mobile-chrome-retry1\trace.zip]]
]]>
</system-out>
</testcase>
<testcase name="Budget Control - API Tests › should validate API response structure" classname="api.spec.js" time="0.798">
</testcase>
<testcase name="Budget Control - API Tests › should handle query parameters correctly" classname="api.spec.js" time="0.329">
</testcase>
<testcase name="Budget Control - API Tests › should have reasonable response times" classname="api.spec.js" time="0.259">
</testcase>
<testcase name="Budget Control - API Tests › should handle malformed JSON gracefully" classname="api.spec.js" time="0.444">
</testcase>
</testsuite>
<testsuite name="budget-app.spec.js" timestamp="2025-11-10T02:50:30.981Z" hostname="mobile-chrome" tests="17" failures="0" skipped="0" time="286.103" errors="0">
<testcase name="Budget Control App - Docker Test Suite › should load the application homepage" classname="budget-app.spec.js" time="1.326">
<system-out>
<![CDATA[📄 Page Title: Přihlášení - Budget Control
✅ Application loaded successfully
]]>
</system-out>
</testcase>
<testcase name="Budget Control App - Docker Test Suite › should respond with HTTP 200 or 302 (redirect)" classname="budget-app.spec.js" time="14.462">
<system-out>
<![CDATA[🌐 Response Status: 200
✅ HTTP status is valid
]]>
</system-out>
</testcase>
<testcase name="Budget Control App - Docker Test Suite › should have proper HTML structure" classname="budget-app.spec.js" time="3.225">
<system-out>
<![CDATA[✅ HTML structure is valid
]]>
</system-out>
</testcase>
<testcase name="Budget Control App - Docker Test Suite › should not have console errors" classname="budget-app.spec.js" time="7.078">
<system-out>
<![CDATA[✅ No console errors detected
]]>
</system-out>
</testcase>
<testcase name="Budget Control App - Docker Test Suite › should have proper CSS styling" classname="budget-app.spec.js" time="3.615">
<system-out>
<![CDATA[📊 Stylesheets loaded: 2
✅ CSS resources are available
]]>
</system-out>
</testcase>
<testcase name="Budget Control App - Docker Test Suite › should have proper charset and viewport meta tags" classname="budget-app.spec.js" time="3.56">
<system-out>
<![CDATA[✅ Charset meta tag present
✅ Viewport meta tag present
]]>
</system-out>
</testcase>
<testcase name="Budget Control App - Docker Test Suite › should check for navigation elements" classname="budget-app.spec.js" time="5.895">
<system-out>
<![CDATA[⚠️  No obvious navigation elements found
]]>
</system-out>
</testcase>
<testcase name="Budget Control App - Docker Test Suite › should verify page performance (load time)" classname="budget-app.spec.js" time="5.788">
<system-out>
<![CDATA[⏱️  Page load time: 2630ms
✅ Load time is acceptable
]]>
</system-out>
</testcase>
<testcase name="Budget Control App - Docker Test Suite › should check for database connectivity" classname="budget-app.spec.js" time="3.568">
<system-out>
<![CDATA[✅ No obvious database errors detected
]]>
</system-out>
</testcase>
<testcase name="Budget Control App - Docker Test Suite › should verify network connectivity" classname="budget-app.spec.js" time="3.362">
<system-out>
<![CDATA[✅ All network requests successful
]]>
</system-out>
</testcase>
<testcase name="Budget Control App - Docker Test Suite › should check Docker environment variables" classname="budget-app.spec.js" time="47.752">
<system-out>
<![CDATA[✅ Docker environment configured correctly
   - Base URL: http://localhost:8080
   - Container: budget-control-app
   - Database: SQLite (file-based)
]]>
</system-out>
</testcase>
<testcase name="Budget Control App - Docker Test Suite › should capture full page screenshot" classname="budget-app.spec.js" time="62.274">
<system-out>
<![CDATA[📸 Screenshot saved to tests/screenshots/budget-app-homepage.png

[[ATTACHMENT|budget-app-Budget-Control--5fdc3-apture-full-page-screenshot-mobile-chrome-retry1\trace.zip]]
]]>
</system-out>
</testcase>
<testcase name="Budget Control App - Docker Infrastructure Tests › should verify port mapping (8080:80)" classname="budget-app.spec.js" time="59.092">
<system-out>
<![CDATA[✅ Port mapping verified: 0.0.0.0:8080->80/tcp
]]>
</system-out>
</testcase>
<testcase name="Budget Control App - Docker Infrastructure Tests › should check Docker volume mounts" classname="budget-app.spec.js" time="44.899">
<system-out>
<![CDATA[✅ Volume mounts verified:
   - /var/www/html/database
   - /var/www/html/uploads
   - /var/www/html/storage
]]>
</system-out>
</testcase>
<testcase name="Budget Control App - Docker Infrastructure Tests › should verify network isolation (bridge network)" classname="budget-app.spec.js" time="17.53">
<system-out>
<![CDATA[✅ Network isolation verified (budget-net bridge network)
]]>
</system-out>
</testcase>
<testcase name="Budget Control App - Docker Infrastructure Tests › should verify environment variables are set correctly" classname="budget-app.spec.js" time="1.75">
<system-out>
<![CDATA[✅ Environment variables verified:
   - APP_DEBUG: true
   - APP_URL: http://localhost:8080
   - DATABASE_PATH: /var/www/html/database/budget.db
   - TIMEZONE: Europe/Prague
   - CURRENCY: CZK
]]>
</system-out>
</testcase>
<testcase name="Budget Control App - Docker Infrastructure Tests › should verify PHP and Apache are running" classname="budget-app.spec.js" time="0.927">
<system-out>
<![CDATA[Server Header: Apache/2.4.65 (Debian)
✅ PHP 8.2-Apache is running correctly
]]>
</system-out>
</testcase>
</testsuite>
<testsuite name="functionality.spec.js" timestamp="2025-11-10T02:50:30.981Z" hostname="mobile-chrome" tests="57" failures="0" skipped="0" time="124.763" errors="0">
<testcase name="Budget Control - Comprehensive Functionality Tests › Dashboard should be accessible" classname="functionality.spec.js" time="0.858">
<system-out>
<![CDATA[✅ Dashboard route accessible
]]>
</system-out>
</testcase>
<testcase name="Budget Control - Comprehensive Functionality Tests › Accounts list route should respond" classname="functionality.spec.js" time="2.675">
<system-out>
<![CDATA[  Account list status: 200
✅ Accounts list route accessible
]]>
</system-out>
</testcase>
<testcase name="Budget Control - Comprehensive Functionality Tests › Account create form route should respond" classname="functionality.spec.js" time="1.681">
<system-out>
<![CDATA[  Account create form status: 200
✅ Account create form route accessible
]]>
</system-out>
</testcase>
<testcase name="Budget Control - Comprehensive Functionality Tests › Transactions list route should respond" classname="functionality.spec.js" time="7.83">
<system-out>
<![CDATA[  Transactions list status: 200
✅ Transactions list route accessible
]]>
</system-out>
</testcase>
<testcase name="Budget Control - Comprehensive Functionality Tests › Transaction create form route should respond" classname="functionality.spec.js" time="0.851">
<system-out>
<![CDATA[  Transaction create form status: 200
✅ Transaction create form route accessible
]]>
</system-out>
</testcase>
<testcase name="Budget Control - Comprehensive Functionality Tests › Transaction export CSV route should respond" classname="functionality.spec.js" time="1.355">
<system-out>
<![CDATA[  Transaction export CSV status: 200
✅ Transaction export CSV route accessible
]]>
</system-out>
</testcase>
<testcase name="Budget Control - Comprehensive Functionality Tests › Transaction export XLSX route should respond" classname="functionality.spec.js" time="5.528">
<system-out>
<![CDATA[  Transaction export XLSX status: 200
✅ Transaction export XLSX route accessible
]]>
</system-out>
</testcase>
<testcase name="Budget Control - Comprehensive Functionality Tests › Recurring transaction detection route should respond" classname="functionality.spec.js" time="3.105">
<system-out>
<![CDATA[  Recurring transaction detect status: 200
✅ Recurring transaction detection route accessible
]]>
</system-out>
</testcase>
<testcase name="Budget Control - Comprehensive Functionality Tests › Categories list route should respond" classname="functionality.spec.js" time="7.264">
<system-out>
<![CDATA[  Categories list status: 200
✅ Categories list route accessible
]]>
</system-out>
</testcase>
<testcase name="Budget Control - Comprehensive Functionality Tests › Budgets list route should respond" classname="functionality.spec.js" time="0.671">
<system-out>
<![CDATA[  Budgets list status: 200
✅ Budgets list route accessible
]]>
</system-out>
</testcase>
<testcase name="Budget Control - Comprehensive Functionality Tests › Budget alerts route should respond" classname="functionality.spec.js" time="1.866">
<system-out>
<![CDATA[  Budget alerts status: 200
✅ Budget alerts route accessible
]]>
</system-out>
</testcase>
<testcase name="Budget Control - Comprehensive Functionality Tests › Budget templates route should respond" classname="functionality.spec.js" time="0.883">
<system-out>
<![CDATA[  Budget templates status: 200
✅ Budget templates route accessible
]]>
</system-out>
</testcase>
<testcase name="Budget Control - Comprehensive Functionality Tests › Budget analytics route should respond" classname="functionality.spec.js" time="1.97">
<system-out>
<![CDATA[  Budget analytics status: 200
✅ Budget analytics route accessible
]]>
</system-out>
</testcase>
<testcase name="Budget Control - Comprehensive Functionality Tests › CSV import form route should respond" classname="functionality.spec.js" time="2.124">
<system-out>
<![CDATA[  CSV import form status: 200
✅ CSV import form route accessible
]]>
</system-out>
</testcase>
<testcase name="Budget Control - Comprehensive Functionality Tests › Investments list route should respond" classname="functionality.spec.js" time="1.467">
<system-out>
<![CDATA[  Investments list status: 200
✅ Investments list route accessible
]]>
</system-out>
</testcase>
<testcase name="Budget Control - Comprehensive Functionality Tests › Investment portfolio route should respond" classname="functionality.spec.js" time="0.9">
<system-out>
<![CDATA[  Investment portfolio status: 200
✅ Investment portfolio route accessible
]]>
</system-out>
</testcase>
<testcase name="Budget Control - Comprehensive Functionality Tests › Investment performance route should respond" classname="functionality.spec.js" time="2.89">
<system-out>
<![CDATA[  Investment performance status: 200
✅ Investment performance route accessible
]]>
</system-out>
</testcase>
<testcase name="Budget Control - Comprehensive Functionality Tests › Investment diversification route should respond" classname="functionality.spec.js" time="0.718">
<system-out>
<![CDATA[  Investment diversification status: 200
✅ Investment diversification route accessible
]]>
</system-out>
</testcase>
<testcase name="Budget Control - Comprehensive Functionality Tests › Financial goals list route should respond" classname="functionality.spec.js" time="1.327">
<system-out>
<![CDATA[  Goals list status: 200
✅ Financial goals list route accessible
]]>
</system-out>
</testcase>
<testcase name="Budget Control - Comprehensive Functionality Tests › Goals dashboard route should respond" classname="functionality.spec.js" time="0.741">
<system-out>
<![CDATA[  Goals dashboard status: 200
✅ Goals dashboard route accessible
]]>
</system-out>
</testcase>
<testcase name="Budget Control - Comprehensive Functionality Tests › Tips route should respond" classname="functionality.spec.js" time="1.646">
<system-out>
<![CDATA[  Tips status: 200
✅ Tips route accessible
]]>
</system-out>
</testcase>
<testcase name="Budget Control - Comprehensive Functionality Tests › Guides route should respond" classname="functionality.spec.js" time="1.151">
<system-out>
<![CDATA[  Guides status: 200
✅ Guides route accessible
]]>
</system-out>
</testcase>
<testcase name="Budget Control - Comprehensive Functionality Tests › Monthly report route should respond" classname="functionality.spec.js" time="1.458">
<system-out>
<![CDATA[  Monthly report status: 200
✅ Monthly report route accessible
]]>
</system-out>
</testcase>
<testcase name="Budget Control - Comprehensive Functionality Tests › Yearly report route should respond" classname="functionality.spec.js" time="2.01">
<system-out>
<![CDATA[  Yearly report status: 200
✅ Yearly report route accessible
]]>
</system-out>
</testcase>
<testcase name="Budget Control - Comprehensive Functionality Tests › Net worth report route should respond" classname="functionality.spec.js" time="1.604">
<system-out>
<![CDATA[  Net worth report status: 200
✅ Net worth report route accessible
]]>
</system-out>
</testcase>
<testcase name="Budget Control - Comprehensive Functionality Tests › Analytics report route should respond" classname="functionality.spec.js" time="1.711">
<system-out>
<![CDATA[  Analytics report status: 200
✅ Analytics report route accessible
]]>
</system-out>
</testcase>
<testcase name="Budget Control - Comprehensive Functionality Tests › API v1 documentation route should respond" classname="functionality.spec.js" time="1.777">
<system-out>
<![CDATA[  API docs status: 200
✅ API documentation route accessible
]]>
</system-out>
</testcase>
<testcase name="Budget Control - Comprehensive Functionality Tests › API v1 transactions route should respond" classname="functionality.spec.js" time="3.973">
<system-out>
<![CDATA[  API v1 transactions status: 401
✅ API v1 transactions route accessible
]]>
</system-out>
</testcase>
<testcase name="Budget Control - Database &amp; Data Operations › Database connection should be working" classname="functionality.spec.js" time="1.28">
<system-out>
<![CDATA[⚠️  Database status unclear, got response: [33m200[39m
]]>
</system-out>
</testcase>
<testcase name="Budget Control - Database &amp; Data Operations › SQLite database file should exist" classname="functionality.spec.js" time="0.004">
<system-out>
<![CDATA[✅ Database file mounted in Docker volume
]]>
</system-out>
</testcase>
<testcase name="Budget Control - Database &amp; Data Operations › Session management should work" classname="functionality.spec.js" time="1.209">
<system-out>
<![CDATA[ℹ️  No Set-Cookie header in response
]]>
</system-out>
</testcase>
<testcase name="Budget Control - Feature Availability › Feature: CSV Import should be enabled" classname="functionality.spec.js" time="2.915">
<system-out>
<![CDATA[✅ CSV Import feature: AVAILABLE
]]>
</system-out>
</testcase>
<testcase name="Budget Control - Feature Availability › Feature: Investments should be enabled" classname="functionality.spec.js" time="5.718">
<system-out>
<![CDATA[✅ Investments feature: AVAILABLE
]]>
</system-out>
</testcase>
<testcase name="Budget Control - Feature Availability › Feature: Financial Goals should be enabled" classname="functionality.spec.js" time="3.582">
<system-out>
<![CDATA[✅ Financial Goals feature: AVAILABLE
]]>
</system-out>
</testcase>
<testcase name="Budget Control - Feature Availability › Feature: Budget Management should be enabled" classname="functionality.spec.js" time="1.674">
<system-out>
<![CDATA[✅ Budget Management feature: AVAILABLE
]]>
</system-out>
</testcase>
<testcase name="Budget Control - Feature Availability › Feature: Reports should be enabled" classname="functionality.spec.js" time="6.009">
<system-out>
<![CDATA[✅ Reports feature: AVAILABLE
]]>
</system-out>
</testcase>
<testcase name="Budget Control - Feature Availability › Feature: API should be available" classname="functionality.spec.js" time="3.714">
<system-out>
<![CDATA[✅ RESTful API (v1): AVAILABLE
]]>
</system-out>
</testcase>
<testcase name="Budget Control - Feature Availability › Feature: Transaction Management should be available" classname="functionality.spec.js" time="4.909">
<system-out>
<![CDATA[✅ Transaction Management feature: AVAILABLE
]]>
</system-out>
</testcase>
<testcase name="Budget Control - Feature Availability › Feature: Category Management should be available" classname="functionality.spec.js" time="2.249">
<system-out>
<![CDATA[✅ Category Management feature: AVAILABLE
]]>
</system-out>
</testcase>
<testcase name="Budget Control - Feature Availability › Feature: Account Management should be available" classname="functionality.spec.js" time="1.837">
<system-out>
<![CDATA[✅ Account Management feature: AVAILABLE
]]>
</system-out>
</testcase>
<testcase name="Budget Control - Feature Availability › Feature: Education/Tips should be available" classname="functionality.spec.js" time="0.94">
<system-out>
<![CDATA[✅ Education/Tips feature: AVAILABLE
]]>
</system-out>
</testcase>
<testcase name="Budget Control - Utility Features › Utility: Transaction Export to CSV" classname="functionality.spec.js" time="1.195">
<system-out>
<![CDATA[✅ Transaction export to CSV: AVAILABLE
]]>
</system-out>
</testcase>
<testcase name="Budget Control - Utility Features › Utility: Transaction Export to Excel" classname="functionality.spec.js" time="2.069">
<system-out>
<![CDATA[✅ Transaction export to Excel (XLSX): AVAILABLE
]]>
</system-out>
</testcase>
<testcase name="Budget Control - Utility Features › Utility: Recurring Transaction Detection" classname="functionality.spec.js" time="1.106">
<system-out>
<![CDATA[✅ Recurring transaction detection: AVAILABLE
]]>
</system-out>
</testcase>
<testcase name="Budget Control - Utility Features › Utility: Investment Diversification Analysis" classname="functionality.spec.js" time="1.682">
<system-out>
<![CDATA[✅ Investment diversification analysis: AVAILABLE
]]>
</system-out>
</testcase>
<testcase name="Budget Control - Utility Features › Utility: Budget Alerts" classname="functionality.spec.js" time="1.124">
<system-out>
<![CDATA[✅ Budget alerts/notifications: AVAILABLE
]]>
</system-out>
</testcase>
<testcase name="Budget Control - Utility Features › Utility: Budget Templates" classname="functionality.spec.js" time="2.055">
<system-out>
<![CDATA[✅ Budget templates: AVAILABLE
]]>
</system-out>
</testcase>
<testcase name="Budget Control - Utility Features › Utility: Goal Milestones &amp; Projections" classname="functionality.spec.js" time="1.822">
<system-out>
<![CDATA[✅ Goal milestones and projections: AVAILABLE
]]>
</system-out>
</testcase>
<testcase name="Budget Control - Utility Features › Utility: Multiple Report Types" classname="functionality.spec.js" time="3.093">
<system-out>
<![CDATA[✅ Multiple report types available: 4/4
]]>
</system-out>
</testcase>
<testcase name="Budget Control - API Functionality › API: GET /api/v1/transactions" classname="functionality.spec.js" time="1.429">
<system-out>
<![CDATA[✅ API endpoint /api/v1/transactions: RESPONSIVE
]]>
</system-out>
</testcase>
<testcase name="Budget Control - API Functionality › API: POST /api/transactions/categorize (Legacy)" classname="functionality.spec.js" time="1.166">
<system-out>
<![CDATA[✅ API endpoint /api/transactions/categorize: REGISTERED
]]>
</system-out>
</testcase>
<testcase name="Budget Control - API Functionality › API: POST /api/recommendations" classname="functionality.spec.js" time="1.015">
<system-out>
<![CDATA[✅ API endpoint /api/recommendations: REGISTERED
]]>
</system-out>
</testcase>
<testcase name="Budget Control - API Functionality › API: Asset Allocation Endpoints" classname="functionality.spec.js" time="1.685">
<system-out>
<![CDATA[✅ Asset allocation API endpoints: 2/2 accessible
]]>
</system-out>
</testcase>
<testcase name="Budget Control - Application Stability › Application should handle unknown routes gracefully" classname="functionality.spec.js" time="1.061">
<system-out>
<![CDATA[✅ 404 handling: Working correctly
]]>
</system-out>
</testcase>
<testcase name="Budget Control - Application Stability › Application should have proper error handling" classname="functionality.spec.js" time="1.246">
<system-out>
<![CDATA[✅ Error handling: Configured (error indicators not found on home)
]]>
</system-out>
</testcase>
<testcase name="Budget Control - Application Stability › Application should have no critical runtime errors" classname="functionality.spec.js" time="1.65">
<system-out>
<![CDATA[✅ No critical errors: Application running smoothly
]]>
</system-out>
</testcase>
<testcase name="Budget Control - Application Stability › Application routes should be consistently responsive" classname="functionality.spec.js" time="3.291">
<system-out>
<![CDATA[✅ Route responsiveness: 7/7 routes responded
]]>
</system-out>
</testcase>
</testsuite>
<testsuite name="improved-functionality.spec.js" timestamp="2025-11-10T02:50:30.981Z" hostname="mobile-chrome" tests="23" failures="0" skipped="0" time="53.908" errors="0">
<testcase name="Budget Control - Authentication &amp; Session Management › Root path should redirect unauthenticated users to login" classname="improved-functionality.spec.js" time="1.406">
<system-out>
<![CDATA[📍 Initial response: 200
📍 Final URL: http://localhost:8080/login
✅ Unauthenticated user properly redirected to login
]]>
</system-out>
</testcase>
<testcase name="Budget Control - Authentication &amp; Session Management › Login page should be accessible without authentication" classname="improved-functionality.spec.js" time="1.046">
<system-out>
<![CDATA[✅ Login page accessible and has proper form elements
]]>
</system-out>
</testcase>
<testcase name="Budget Control - Authentication &amp; Session Management › Session should be created when visiting the site" classname="improved-functionality.spec.js" time="1.162">
<system-out>
<![CDATA[✅ Session created: PHPSESSID=eb416cbf...
]]>
</system-out>
</testcase>
<testcase name="Budget Control - Authentication &amp; Session Management › Register page should be accessible without authentication" classname="improved-functionality.spec.js" time="1.265">
<system-out>
<![CDATA[✅ Register page accessible
]]>
</system-out>
</testcase>
<testcase name="Budget Control - Protected Routes (Unauthenticated) › Protected routes should redirect to login when not authenticated" classname="improved-functionality.spec.js" time="3.276">
<system-out>
<![CDATA[✅ /accounts → Properly protected (redirected to login)
✅ /transactions → Properly protected (redirected to login)
✅ /categories → Properly protected (redirected to login)
✅ /budgets → Properly protected (redirected to login)
✅ /goals → Properly protected (redirected to login)
✅ /investments → Properly protected (redirected to login)
✅ /reports/monthly → Properly protected (redirected to login)
]]>
</system-out>
</testcase>
<testcase name="Budget Control - Protected Routes (Unauthenticated) › API routes should return 401 Unauthorized when not authenticated" classname="improved-functionality.spec.js" time="1.559">
<system-out>
<![CDATA[✅ /api/v1/transactions → Status: 401 (Properly protected)
✅ /api/v1/accounts → Status: 401 (Properly protected)
✅ /api/v1/budgets → Status: 401 (Properly protected)
]]>
</system-out>
</testcase>
<testcase name="Budget Control - Public Routes › Public routes should be accessible without authentication" classname="improved-functionality.spec.js" time="3.01">
<system-out>
<![CDATA[✅ Login Page (/login) → Accessible (200)
✅ Register Page (/register) → Accessible (200)
]]>
</system-out>
</testcase>
<testcase name="Budget Control - Public Routes › 404 page should be returned for invalid routes" classname="improved-functionality.spec.js" time="2.05">
<system-out>
<![CDATA[✅ Invalid routes return 404
]]>
</system-out>
</testcase>
<testcase name="Budget Control - Route Responsiveness › All defined routes should respond (with or without auth)" classname="improved-functionality.spec.js" time="6.35">
<system-out>
<![CDATA[✅ /login → 200
✅ /register → 200
✅ /accounts → 200
✅ /transactions → 200
✅ /categories → 200
✅ /budgets → 200
✅ /goals → 200
✅ /investments → 200
✅ /reports/monthly → 200
✅ /reports/yearly → 200
✅ /reports/net-worth → 200
✅ /reports/analytics → 200
✅ /api/v1/docs → 200
✅ /api/v1/transactions → 401

📊 Route Responsiveness: 14/14 (100%)
]]>
</system-out>
</testcase>
<testcase name="Budget Control - Feature Availability › Core features should be available" classname="improved-functionality.spec.js" time="4.899">
<system-out>
<![CDATA[✅ Account Management: AVAILABLE
✅ Transaction Management: AVAILABLE
✅ Category Management: AVAILABLE
✅ Budget Management: AVAILABLE
✅ Financial Goals: AVAILABLE
✅ Investment Tracking: AVAILABLE
✅ Monthly Reports: AVAILABLE
✅ CSV Import: AVAILABLE

📊 Feature Availability: 8/8 (100%)
]]>
</system-out>
</testcase>
<testcase name="Budget Control - Feature Availability › Advanced features should be available" classname="improved-functionality.spec.js" time="4.802">
<system-out>
<![CDATA[✅ Budget Alerts: AVAILABLE
✅ Budget Templates: AVAILABLE
✅ Budget Analytics: AVAILABLE
✅ Investment Portfolio: AVAILABLE
✅ Diversification Analysis: AVAILABLE
✅ Goals Dashboard: AVAILABLE
✅ CSV Export: AVAILABLE
✅ Excel Export: AVAILABLE
✅ Recurring Detection: AVAILABLE

📊 Advanced Features: 9/9 (100%)
]]>
</system-out>
</testcase>
<testcase name="Budget Control - API Endpoints › API v1 endpoints should respond" classname="improved-functionality.spec.js" time="3.049">
<system-out>
<![CDATA[✅ API Documentation → 200
✅ Transactions API → 401
✅ Accounts API → 401
✅ Budgets API → 401
]]>
</system-out>
</testcase>
<testcase name="Budget Control - API Endpoints › Investment API endpoints should respond" classname="improved-functionality.spec.js" time="3.636">
<system-out>
<![CDATA[✅ /api/investments/allocation/current → 200
✅ /api/investments/allocation/ideal/conservative → 200
✅ /api/investments/allocation/ideal/moderate → 200
✅ /api/investments/allocation/ideal/aggressive → 200

📊 Investment API Endpoints: 4/4 responding
]]>
</system-out>
</testcase>
<testcase name="Budget Control - Application Health › Application should not have console errors on login page" classname="improved-functionality.spec.js" time="1.622">
<system-out>
<![CDATA[✅ No console errors on login page
]]>
</system-out>
</testcase>
<testcase name="Budget Control - Application Health › Application should load within reasonable time" classname="improved-functionality.spec.js" time="1.584">
<system-out>
<![CDATA[⏱️  / loaded in 266ms
⏱️  /login loaded in 262ms
⏱️  /register loaded in 402ms
✅ All pages load within acceptable time
]]>
</system-out>
</testcase>
<testcase name="Budget Control - Application Health › Application should have proper HTML structure" classname="improved-functionality.spec.js" time="0.977">
<system-out>
<![CDATA[✅ Proper HTML structure verified
]]>
</system-out>
</testcase>
<testcase name="Budget Control - Application Health › Static assets should be accessible" classname="improved-functionality.spec.js" time="0.891">
<system-out>
<![CDATA[✅ All static assets loaded successfully
]]>
</system-out>
</testcase>
<testcase name="Budget Control - Docker Integration › Application should be accessible via Docker port mapping" classname="improved-functionality.spec.js" time="1.414">
<system-out>
<![CDATA[✅ Docker port mapping (8080→80) working correctly
]]>
</system-out>
</testcase>
<testcase name="Budget Control - Docker Integration › Application should have proper server headers" classname="improved-functionality.spec.js" time="2.115">
<system-out>
<![CDATA[🖥️  Server: Apache/2.4.65 (Debian)
🐘 PHP: PHP/8.2.29
✅ Apache and PHP are running correctly
]]>
</system-out>
</testcase>
<testcase name="Budget Control - Docker Integration › Database should be accessible via Docker volume" classname="improved-functionality.spec.js" time="1.439">
<system-out>
<![CDATA[✅ Database volume mounted and accessible
]]>
</system-out>
</testcase>
<testcase name="Budget Control - Redirect Flow Verification › Root path redirect flow should work correctly" classname="improved-functionality.spec.js" time="1.962">
<system-out>
<![CDATA[📍 Initial request: http://localhost:8080/
📍 Final URL: http://localhost:8080/login
✅ Redirect flow working correctly
]]>
</system-out>
</testcase>
<testcase name="Budget Control - Redirect Flow Verification › Multiple sequential redirects should work" classname="improved-functionality.spec.js" time="2.572">
<system-out>
<![CDATA[✅ / → http://localhost:8080/login
✅ /accounts → http://localhost:8080/login
✅ /transactions → http://localhost:8080/login
✅ /budgets → http://localhost:8080/login
✅ All redirects working correctly
]]>
</system-out>
</testcase>
<testcase name="Budget Control - Overall Status › Generate test summary" classname="improved-functionality.spec.js" time="1.822">
<system-out>
<![CDATA[
============================================================
BUDGET CONTROL APPLICATION - TEST SUMMARY
============================================================

✅ Core Functionality:
   - Login Page: WORKING
   - Authentication: IMPLEMENTED
   - Session Management: ACTIVE

✅ Infrastructure:
   - Docker Container: RUNNING
   - Apache Server: ACTIVE
   - PHP 8.2: WORKING
   - Database: CONNECTED

✅ Security:
   - Protected Routes: SECURED
   - Authentication Required: YES
   - Session Cookies: ENABLED

============================================================
APPLICATION STATUS: ✅ FULLY OPERATIONAL
============================================================

]]>
</system-out>
</testcase>
</testsuite>
<testsuite name="performance.spec.js" timestamp="2025-11-10T02:50:30.981Z" hostname="mobile-chrome" tests="8" failures="1" skipped="0" time="35.673" errors="0">
<testcase name="Budget Control - Performance Tests › should load homepage within acceptable time" classname="performance.spec.js" time="2.15">
<system-out>
<![CDATA[Homepage load time: 1027ms
]]>
</system-out>
</testcase>
<testcase name="Budget Control - Performance Tests › should load login page quickly" classname="performance.spec.js" time="1.336">
<system-out>
<![CDATA[Login page load time: 407ms
]]>
</system-out>
</testcase>
<testcase name="Budget Control - Performance Tests › should have reasonable Lighthouse performance score" classname="performance.spec.js" time="5.627">
<system-out>
<![CDATA[Performance metrics: {
  domContentLoaded: [33m0.09999999403953552[39m,
  loadComplete: [33m0[39m,
  firstPaint: [33m0[39m,
  firstContentfulPaint: [33m0[39m
}
]]>
</system-out>
</testcase>
<testcase name="Budget Control - Performance Tests › should handle multiple concurrent users" classname="performance.spec.js" time="4.879">
<system-out>
<![CDATA[Concurrent users test: 3 users, 1026ms total, 342ms average
]]>
</system-out>
</testcase>
<testcase name="Budget Control - Performance Tests › should not have memory leaks on navigation" classname="performance.spec.js" time="12.447">
<failure message="performance.spec.js:90:3 should not have memory leaks on navigation" type="FAILURE">
<![CDATA[  [mobile-chrome] › performance.spec.js:90:3 › Budget Control - Performance Tests › should not have memory leaks on navigation 

    ReferenceError: errors is not defined

      109 |
      110 |     // Should not have accumulated errors
    > 111 |     expect(errors.length).toBe(0);
          |            ^
      112 |   });
      113 |
      114 |   test('should load assets efficiently', async ({ page }) => {
        at c:\ClaudeProjects\budget-control\tests\performance.spec.js:111:12

    attachment #1: screenshot (image/png) ──────────────────────────────────────────────────────────
    ..\test-results\performance-Budget-Control-5c485--memory-leaks-on-navigation-mobile-chrome\test-failed-1.png
    ────────────────────────────────────────────────────────────────────────────────────────────────

    Error Context: ..\test-results\performance-Budget-Control-5c485--memory-leaks-on-navigation-mobile-chrome\error-context.md

    Retry #1 ───────────────────────────────────────────────────────────────────────────────────────

    ReferenceError: errors is not defined

      109 |
      110 |     // Should not have accumulated errors
    > 111 |     expect(errors.length).toBe(0);
          |            ^
      112 |   });
      113 |
      114 |   test('should load assets efficiently', async ({ page }) => {
        at c:\ClaudeProjects\budget-control\tests\performance.spec.js:111:12

    attachment #1: screenshot (image/png) ──────────────────────────────────────────────────────────
    ..\test-results\performance-Budget-Control-5c485--memory-leaks-on-navigation-mobile-chrome-retry1\test-failed-1.png
    ────────────────────────────────────────────────────────────────────────────────────────────────

    Error Context: ..\test-results\performance-Budget-Control-5c485--memory-leaks-on-navigation-mobile-chrome-retry1\error-context.md

    attachment #3: trace (application/zip) ─────────────────────────────────────────────────────────
    ..\test-results\performance-Budget-Control-5c485--memory-leaks-on-navigation-mobile-chrome-retry1\trace.zip
    Usage:

        npx playwright show-trace ..\test-results\performance-Budget-Control-5c485--memory-leaks-on-navigation-mobile-chrome-retry1\trace.zip

    ────────────────────────────────────────────────────────────────────────────────────────────────
]]>
</failure>
<system-out>
<![CDATA[
[[ATTACHMENT|performance-Budget-Control-5c485--memory-leaks-on-navigation-mobile-chrome\test-failed-1.png]]

[[ATTACHMENT|performance-Budget-Control-5c485--memory-leaks-on-navigation-mobile-chrome\error-context.md]]

[[ATTACHMENT|performance-Budget-Control-5c485--memory-leaks-on-navigation-mobile-chrome-retry1\test-failed-1.png]]

[[ATTACHMENT|performance-Budget-Control-5c485--memory-leaks-on-navigation-mobile-chrome-retry1\error-context.md]]

[[ATTACHMENT|performance-Budget-Control-5c485--memory-leaks-on-navigation-mobile-chrome-retry1\trace.zip]]
]]>
</system-out>
</testcase>
<testcase name="Budget Control - Performance Tests › should load assets efficiently" classname="performance.spec.js" time="2.283">
<system-out>
<![CDATA[Loaded 2 assets: [ [32m'stylesheet: tailwind.css'[39m, [32m'stylesheet: style.css'[39m ]
]]>
</system-out>
</testcase>
<testcase name="Budget Control - Performance Tests › should handle JavaScript execution performance" classname="performance.spec.js" time="3.457">
<system-out>
<![CDATA[JavaScript execution time: 1.2999999821186066ms
]]>
</system-out>
</testcase>
<testcase name="Budget Control - Performance Tests › should maintain performance under repeated navigation" classname="performance.spec.js" time="3.494">
<system-out>
<![CDATA[Navigation performance: avg 464ms, max 1013ms
]]>
</system-out>
</testcase>
</testsuite>
<testsuite name="settings.spec.js" timestamp="2025-11-10T02:50:30.981Z" hostname="mobile-chrome" tests="7" failures="0" skipped="0" time="21.71" errors="0">
<testcase name="Budget Control - Settings Functionality Tests › should redirect to login when accessing settings without authentication" classname="settings.spec.js" time="4.273">
<system-out>
<![CDATA[✅ Settings page redirect status: 200
]]>
</system-out>
</testcase>
<testcase name="Budget Control - Settings Functionality Tests › should have settings routes defined and responsive" classname="settings.spec.js" time="4.939">
<system-out>
<![CDATA[✅ Settings route /settings: 200
✅ Settings route /settings/profile: 200
✅ Settings route /settings/notifications: 200
✅ Settings route /settings/preferences: 200
✅ Settings route /settings/security: 200
]]>
</system-out>
</testcase>
<testcase name="Budget Control - Settings Functionality Tests › should verify SettingsController syntax is valid" classname="settings.spec.js" time="2.711">
<system-out>
<![CDATA[✅ No PHP parse errors detected
]]>
</system-out>
</testcase>
<testcase name="Budget Control - Settings Functionality Tests › should check for settings-related content in application" classname="settings.spec.js" time="1.877">
<system-out>
<![CDATA[ℹ️  No settings content found (may be behind authentication)
]]>
</system-out>
</testcase>
<testcase name="Budget Control - Settings Functionality Tests › should verify settings routes are registered in the application" classname="settings.spec.js" time="2.744">
<system-out>
<![CDATA[✅ Settings routing is working (status: 200)
]]>
</system-out>
</testcase>
<testcase name="Budget Control - Settings Functionality Tests › should test settings export functionality route" classname="settings.spec.js" time="0.893">
<system-out>
<![CDATA[✅ Settings export route status: 200
]]>
</system-out>
</testcase>
<testcase name="Budget Control - Settings Functionality Tests › should verify SettingsController methods are accessible" classname="settings.spec.js" time="4.273">
<system-out>
<![CDATA[✅ Settings controller methods accessible: 6/6
]]>
</system-out>
</testcase>
</testsuite>
<testsuite name="accessibility.spec.js" timestamp="2025-11-10T02:50:30.981Z" hostname="mobile-safari" tests="7" failures="6" skipped="0" time="134.044" errors="0">
<testcase name="Budget Control - Accessibility Tests › should pass accessibility audit on login page" classname="accessibility.spec.js" time="26.6">
<failure message="accessibility.spec.js:10:3 should pass accessibility audit on login page" type="FAILURE">
<![CDATA[  [mobile-safari] › accessibility.spec.js:10:3 › Budget Control - Accessibility Tests › should pass accessibility audit on login page 

    Error: expect(received).toEqual(expected) // deep equality

    - Expected  -  1
    + Received  + 97

    - Array []
    + Array [
    +   Object {
    +     "description": "Ensure the contrast between foreground and background colors meets WCAG 2 AA minimum contrast ratio thresholds",
    +     "help": "Elements must meet minimum color contrast ratio thresholds",
    +     "helpUrl": "https://dequeuniversity.com/rules/axe/4.11/color-contrast?application=playwright",
    +     "id": "color-contrast",
    +     "impact": "serious",
    +     "nodes": Array [
    +       Object {
    +         "all": Array [],
    +         "any": Array [
    +           Object {
    +             "data": Object {
    +               "bgColor": "#3b82f6",
    +               "contrastRatio": 3.67,
    +               "expectedContrastRatio": "4.5:1",
    +               "fgColor": "#ffffff",
    +               "fontSize": "10.5pt (14px)",
    +               "fontWeight": "normal",
    +               "messageKey": null,
    +             },
    +             "id": "color-contrast",
    +             "impact": "serious",
    +             "message": "Element has insufficient color contrast of 3.67 (foreground color: #ffffff, background color: #3b82f6, font size: 10.5pt (14px), font weight: normal). Expected contrast ratio of 4.5:1",
    +             "relatedNodes": Array [
    +               Object {
    +                 "html": "<button type=\"submit\" class=\"btn btn-primary w-full\">
    +                         Přihlásit se
    +                     </button>",
    +                 "target": Array [
    +                   "button",
    +                 ],
    +               },
    +             ],
    +           },
    +         ],
    +         "failureSummary": "Fix any of the following:
    +   Element has insufficient color contrast of 3.67 (foreground color: #ffffff, background color: #3b82f6, font size: 10.5pt (14px), font weight: normal). Expected contrast ratio of 4.5:1",
    +         "html": "<button type=\"submit\" class=\"btn btn-primary w-full\">
    +                         Přihlásit se
    +                     </button>",
    +         "impact": "serious",
    +         "none": Array [],
    +         "target": Array [
    +           "button",
    +         ],
    +       },
    +       Object {
    +         "all": Array [],
    +         "any": Array [
    +           Object {
    +             "data": Object {
    +               "bgColor": "#ffffff",
    +               "contrastRatio": 3.67,
    +               "expectedContrastRatio": "4.5:1",
    +               "fgColor": "#1e88e5",
    +               "fontSize": "12.0pt (16px)",
    +               "fontWeight": "normal",
    +               "messageKey": null,
    +             },
    +             "id": "color-contrast",
    +             "impact": "serious",
    +             "message": "Element has insufficient color contrast of 3.67 (foreground color: #1e88e5, background color: #ffffff, font size: 12.0pt (16px), font weight: normal). Expected contrast ratio of 4.5:1",
    +             "relatedNodes": Array [
    +               Object {
    +                 "html": "<div class=\"card w-full max-w-md\">",
    +                 "target": Array [
    +                   ".card",
    +                 ],
    +               },
    +             ],
    +           },
    +         ],
    +         "failureSummary": "Fix any of the following:
    +   Element has insufficient color contrast of 3.67 (foreground color: #1e88e5, background color: #ffffff, font size: 12.0pt (16px), font weight: normal). Expected contrast ratio of 4.5:1",
    +         "html": "<a href=\"/register\" class=\"text-google-blue-600 hover:text-google-blue-700 font-medium\">Registrujte se</a>",
    +         "impact": "serious",
    +         "none": Array [],
    +         "target": Array [
    +           "a",
    +         ],
    +       },
    +     ],
    +     "tags": Array [
    +       "cat.color",
    +       "wcag2aa",
    +       "wcag143",
    +       "TTv5",
    +       "TT13.c",
    +       "EN-301-549",
    +       "EN-9.1.4.3",
    +       "ACT",
    +       "RGAAv4",
    +       "RGAA-3.2.1",
    +     ],
    +   },
    + ]

      15 |       .analyze();
      16 |
    > 17 |     expect(accessibilityScanResults.violations).toEqual([]);
         |                                                 ^
      18 |   });
      19 |
      20 |   test('should pass accessibility audit on register page', async ({ page }) => {
        at c:\ClaudeProjects\budget-control\tests\accessibility.spec.js:17:49

    attachment #1: screenshot (image/png) ──────────────────────────────────────────────────────────
    ..\test-results\accessibility-Budget-Contr-bf5e5-ibility-audit-on-login-page-mobile-safari\test-failed-1.png
    ────────────────────────────────────────────────────────────────────────────────────────────────

    Error Context: ..\test-results\accessibility-Budget-Contr-bf5e5-ibility-audit-on-login-page-mobile-safari\error-context.md

    Retry #1 ───────────────────────────────────────────────────────────────────────────────────────

    Error: expect(received).toEqual(expected) // deep equality

    - Expected  -  1
    + Received  + 97

    - Array []
    + Array [
    +   Object {
    +     "description": "Ensure the contrast between foreground and background colors meets WCAG 2 AA minimum contrast ratio thresholds",
    +     "help": "Elements must meet minimum color contrast ratio thresholds",
    +     "helpUrl": "https://dequeuniversity.com/rules/axe/4.11/color-contrast?application=playwright",
    +     "id": "color-contrast",
    +     "impact": "serious",
    +     "nodes": Array [
    +       Object {
    +         "all": Array [],
    +         "any": Array [
    +           Object {
    +             "data": Object {
    +               "bgColor": "#3b82f6",
    +               "contrastRatio": 3.67,
    +               "expectedContrastRatio": "4.5:1",
    +               "fgColor": "#ffffff",
    +               "fontSize": "10.5pt (14px)",
    +               "fontWeight": "normal",
    +               "messageKey": null,
    +             },
    +             "id": "color-contrast",
    +             "impact": "serious",
    +             "message": "Element has insufficient color contrast of 3.67 (foreground color: #ffffff, background color: #3b82f6, font size: 10.5pt (14px), font weight: normal). Expected contrast ratio of 4.5:1",
    +             "relatedNodes": Array [
    +               Object {
    +                 "html": "<button type=\"submit\" class=\"btn btn-primary w-full\">
    +                         Přihlásit se
    +                     </button>",
    +                 "target": Array [
    +                   "button",
    +                 ],
    +               },
    +             ],
    +           },
    +         ],
    +         "failureSummary": "Fix any of the following:
    +   Element has insufficient color contrast of 3.67 (foreground color: #ffffff, background color: #3b82f6, font size: 10.5pt (14px), font weight: normal). Expected contrast ratio of 4.5:1",
    +         "html": "<button type=\"submit\" class=\"btn btn-primary w-full\">
    +                         Přihlásit se
    +                     </button>",
    +         "impact": "serious",
    +         "none": Array [],
    +         "target": Array [
    +           "button",
    +         ],
    +       },
    +       Object {
    +         "all": Array [],
    +         "any": Array [
    +           Object {
    +             "data": Object {
    +               "bgColor": "#ffffff",
    +               "contrastRatio": 3.67,
    +               "expectedContrastRatio": "4.5:1",
    +               "fgColor": "#1e88e5",
    +               "fontSize": "12.0pt (16px)",
    +               "fontWeight": "normal",
    +               "messageKey": null,
    +             },
    +             "id": "color-contrast",
    +             "impact": "serious",
    +             "message": "Element has insufficient color contrast of 3.67 (foreground color: #1e88e5, background color: #ffffff, font size: 12.0pt (16px), font weight: normal). Expected contrast ratio of 4.5:1",
    +             "relatedNodes": Array [
    +               Object {
    +                 "html": "<div class=\"card w-full max-w-md\">",
    +                 "target": Array [
    +                   ".card",
    +                 ],
    +               },
    +             ],
    +           },
    +         ],
    +         "failureSummary": "Fix any of the following:
    +   Element has insufficient color contrast of 3.67 (foreground color: #1e88e5, background color: #ffffff, font size: 12.0pt (16px), font weight: normal). Expected contrast ratio of 4.5:1",
    +         "html": "<a href=\"/register\" class=\"text-google-blue-600 hover:text-google-blue-700 font-medium\">Registrujte se</a>",
    +         "impact": "serious",
    +         "none": Array [],
    +         "target": Array [
    +           "a",
    +         ],
    +       },
    +     ],
    +     "tags": Array [
    +       "cat.color",
    +       "wcag2aa",
    +       "wcag143",
    +       "TTv5",
    +       "TT13.c",
    +       "EN-301-549",
    +       "EN-9.1.4.3",
    +       "ACT",
    +       "RGAAv4",
    +       "RGAA-3.2.1",
    +     ],
    +   },
    + ]

      15 |       .analyze();
      16 |
    > 17 |     expect(accessibilityScanResults.violations).toEqual([]);
         |                                                 ^
      18 |   });
      19 |
      20 |   test('should pass accessibility audit on register page', async ({ page }) => {
        at c:\ClaudeProjects\budget-control\tests\accessibility.spec.js:17:49

    attachment #1: screenshot (image/png) ──────────────────────────────────────────────────────────
    ..\test-results\accessibility-Budget-Contr-bf5e5-ibility-audit-on-login-page-mobile-safari-retry1\test-failed-1.png
    ────────────────────────────────────────────────────────────────────────────────────────────────

    Error Context: ..\test-results\accessibility-Budget-Contr-bf5e5-ibility-audit-on-login-page-mobile-safari-retry1\error-context.md

    attachment #3: trace (application/zip) ─────────────────────────────────────────────────────────
    ..\test-results\accessibility-Budget-Contr-bf5e5-ibility-audit-on-login-page-mobile-safari-retry1\trace.zip
    Usage:

        npx playwright show-trace ..\test-results\accessibility-Budget-Contr-bf5e5-ibility-audit-on-login-page-mobile-safari-retry1\trace.zip

    ────────────────────────────────────────────────────────────────────────────────────────────────
]]>
</failure>
<system-out>
<![CDATA[
[[ATTACHMENT|accessibility-Budget-Contr-bf5e5-ibility-audit-on-login-page-mobile-safari\test-failed-1.png]]

[[ATTACHMENT|accessibility-Budget-Contr-bf5e5-ibility-audit-on-login-page-mobile-safari\error-context.md]]

[[ATTACHMENT|accessibility-Budget-Contr-bf5e5-ibility-audit-on-login-page-mobile-safari-retry1\test-failed-1.png]]

[[ATTACHMENT|accessibility-Budget-Contr-bf5e5-ibility-audit-on-login-page-mobile-safari-retry1\error-context.md]]

[[ATTACHMENT|accessibility-Budget-Contr-bf5e5-ibility-audit-on-login-page-mobile-safari-retry1\trace.zip]]
]]>
</system-out>
</testcase>
<testcase name="Budget Control - Accessibility Tests › should pass accessibility audit on register page" classname="accessibility.spec.js" time="24.518">
<failure message="accessibility.spec.js:20:3 should pass accessibility audit on register page" type="FAILURE">
<![CDATA[  [mobile-safari] › accessibility.spec.js:20:3 › Budget Control - Accessibility Tests › should pass accessibility audit on register page 

    Error: expect(received).toEqual(expected) // deep equality

    - Expected  -  1
    + Received  + 97

    - Array []
    + Array [
    +   Object {
    +     "description": "Ensure the contrast between foreground and background colors meets WCAG 2 AA minimum contrast ratio thresholds",
    +     "help": "Elements must meet minimum color contrast ratio thresholds",
    +     "helpUrl": "https://dequeuniversity.com/rules/axe/4.11/color-contrast?application=playwright",
    +     "id": "color-contrast",
    +     "impact": "serious",
    +     "nodes": Array [
    +       Object {
    +         "all": Array [],
    +         "any": Array [
    +           Object {
    +             "data": Object {
    +               "bgColor": "#3b82f6",
    +               "contrastRatio": 3.67,
    +               "expectedContrastRatio": "4.5:1",
    +               "fgColor": "#ffffff",
    +               "fontSize": "10.5pt (14px)",
    +               "fontWeight": "normal",
    +               "messageKey": null,
    +             },
    +             "id": "color-contrast",
    +             "impact": "serious",
    +             "message": "Element has insufficient color contrast of 3.67 (foreground color: #ffffff, background color: #3b82f6, font size: 10.5pt (14px), font weight: normal). Expected contrast ratio of 4.5:1",
    +             "relatedNodes": Array [
    +               Object {
    +                 "html": "<button type=\"submit\" class=\"btn btn-primary w-full\">
    +                         Registrovat se
    +                     </button>",
    +                 "target": Array [
    +                   "button",
    +                 ],
    +               },
    +             ],
    +           },
    +         ],
    +         "failureSummary": "Fix any of the following:
    +   Element has insufficient color contrast of 3.67 (foreground color: #ffffff, background color: #3b82f6, font size: 10.5pt (14px), font weight: normal). Expected contrast ratio of 4.5:1",
    +         "html": "<button type=\"submit\" class=\"btn btn-primary w-full\">
    +                         Registrovat se
    +                     </button>",
    +         "impact": "serious",
    +         "none": Array [],
    +         "target": Array [
    +           "button",
    +         ],
    +       },
    +       Object {
    +         "all": Array [],
    +         "any": Array [
    +           Object {
    +             "data": Object {
    +               "bgColor": "#ffffff",
    +               "contrastRatio": 3.67,
    +               "expectedContrastRatio": "4.5:1",
    +               "fgColor": "#1e88e5",
    +               "fontSize": "12.0pt (16px)",
    +               "fontWeight": "normal",
    +               "messageKey": null,
    +             },
    +             "id": "color-contrast",
    +             "impact": "serious",
    +             "message": "Element has insufficient color contrast of 3.67 (foreground color: #1e88e5, background color: #ffffff, font size: 12.0pt (16px), font weight: normal). Expected contrast ratio of 4.5:1",
    +             "relatedNodes": Array [
    +               Object {
    +                 "html": "<div class=\"card w-full max-w-md\">",
    +                 "target": Array [
    +                   ".card",
    +                 ],
    +               },
    +             ],
    +           },
    +         ],
    +         "failureSummary": "Fix any of the following:
    +   Element has insufficient color contrast of 3.67 (foreground color: #1e88e5, background color: #ffffff, font size: 12.0pt (16px), font weight: normal). Expected contrast ratio of 4.5:1",
    +         "html": "<a href=\"/login\" class=\"text-google-blue-600 hover:text-google-blue-700 font-medium\">Přihlaste se</a>",
    +         "impact": "serious",
    +         "none": Array [],
    +         "target": Array [
    +           "a",
    +         ],
    +       },
    +     ],
    +     "tags": Array [
    +       "cat.color",
    +       "wcag2aa",
    +       "wcag143",
    +       "TTv5",
    +       "TT13.c",
    +       "EN-301-549",
    +       "EN-9.1.4.3",
    +       "ACT",
    +       "RGAAv4",
    +       "RGAA-3.2.1",
    +     ],
    +   },
    + ]

      25 |       .analyze();
      26 |
    > 27 |     expect(accessibilityScanResults.violations).toEqual([]);
         |                                                 ^
      28 |   });
      29 |
      30 |   test('should have proper ARIA labels and roles', async ({ page }) => {
        at c:\ClaudeProjects\budget-control\tests\accessibility.spec.js:27:49

    attachment #1: screenshot (image/png) ──────────────────────────────────────────────────────────
    ..\test-results\accessibility-Budget-Contr-021fc-lity-audit-on-register-page-mobile-safari\test-failed-1.png
    ────────────────────────────────────────────────────────────────────────────────────────────────

    Error Context: ..\test-results\accessibility-Budget-Contr-021fc-lity-audit-on-register-page-mobile-safari\error-context.md

    Retry #1 ───────────────────────────────────────────────────────────────────────────────────────

    Error: expect(received).toEqual(expected) // deep equality

    - Expected  -  1
    + Received  + 97

    - Array []
    + Array [
    +   Object {
    +     "description": "Ensure the contrast between foreground and background colors meets WCAG 2 AA minimum contrast ratio thresholds",
    +     "help": "Elements must meet minimum color contrast ratio thresholds",
    +     "helpUrl": "https://dequeuniversity.com/rules/axe/4.11/color-contrast?application=playwright",
    +     "id": "color-contrast",
    +     "impact": "serious",
    +     "nodes": Array [
    +       Object {
    +         "all": Array [],
    +         "any": Array [
    +           Object {
    +             "data": Object {
    +               "bgColor": "#3b82f6",
    +               "contrastRatio": 3.67,
    +               "expectedContrastRatio": "4.5:1",
    +               "fgColor": "#ffffff",
    +               "fontSize": "10.5pt (14px)",
    +               "fontWeight": "normal",
    +               "messageKey": null,
    +             },
    +             "id": "color-contrast",
    +             "impact": "serious",
    +             "message": "Element has insufficient color contrast of 3.67 (foreground color: #ffffff, background color: #3b82f6, font size: 10.5pt (14px), font weight: normal). Expected contrast ratio of 4.5:1",
    +             "relatedNodes": Array [
    +               Object {
    +                 "html": "<button type=\"submit\" class=\"btn btn-primary w-full\">
    +                         Registrovat se
    +                     </button>",
    +                 "target": Array [
    +                   "button",
    +                 ],
    +               },
    +             ],
    +           },
    +         ],
    +         "failureSummary": "Fix any of the following:
    +   Element has insufficient color contrast of 3.67 (foreground color: #ffffff, background color: #3b82f6, font size: 10.5pt (14px), font weight: normal). Expected contrast ratio of 4.5:1",
    +         "html": "<button type=\"submit\" class=\"btn btn-primary w-full\">
    +                         Registrovat se
    +                     </button>",
    +         "impact": "serious",
    +         "none": Array [],
    +         "target": Array [
    +           "button",
    +         ],
    +       },
    +       Object {
    +         "all": Array [],
    +         "any": Array [
    +           Object {
    +             "data": Object {
    +               "bgColor": "#ffffff",
    +               "contrastRatio": 3.67,
    +               "expectedContrastRatio": "4.5:1",
    +               "fgColor": "#1e88e5",
    +               "fontSize": "12.0pt (16px)",
    +               "fontWeight": "normal",
    +               "messageKey": null,
    +             },
    +             "id": "color-contrast",
    +             "impact": "serious",
    +             "message": "Element has insufficient color contrast of 3.67 (foreground color: #1e88e5, background color: #ffffff, font size: 12.0pt (16px), font weight: normal). Expected contrast ratio of 4.5:1",
    +             "relatedNodes": Array [
    +               Object {
    +                 "html": "<div class=\"card w-full max-w-md\">",
    +                 "target": Array [
    +                   ".card",
    +                 ],
    +               },
    +             ],
    +           },
    +         ],
    +         "failureSummary": "Fix any of the following:
    +   Element has insufficient color contrast of 3.67 (foreground color: #1e88e5, background color: #ffffff, font size: 12.0pt (16px), font weight: normal). Expected contrast ratio of 4.5:1",
    +         "html": "<a href=\"/login\" class=\"text-google-blue-600 hover:text-google-blue-700 font-medium\">Přihlaste se</a>",
    +         "impact": "serious",
    +         "none": Array [],
    +         "target": Array [
    +           "a",
    +         ],
    +       },
    +     ],
    +     "tags": Array [
    +       "cat.color",
    +       "wcag2aa",
    +       "wcag143",
    +       "TTv5",
    +       "TT13.c",
    +       "EN-301-549",
    +       "EN-9.1.4.3",
    +       "ACT",
    +       "RGAAv4",
    +       "RGAA-3.2.1",
    +     ],
    +   },
    + ]

      25 |       .analyze();
      26 |
    > 27 |     expect(accessibilityScanResults.violations).toEqual([]);
         |                                                 ^
      28 |   });
      29 |
      30 |   test('should have proper ARIA labels and roles', async ({ page }) => {
        at c:\ClaudeProjects\budget-control\tests\accessibility.spec.js:27:49

    attachment #1: screenshot (image/png) ──────────────────────────────────────────────────────────
    ..\test-results\accessibility-Budget-Contr-021fc-lity-audit-on-register-page-mobile-safari-retry1\test-failed-1.png
    ────────────────────────────────────────────────────────────────────────────────────────────────

    Error Context: ..\test-results\accessibility-Budget-Contr-021fc-lity-audit-on-register-page-mobile-safari-retry1\error-context.md

    attachment #3: trace (application/zip) ─────────────────────────────────────────────────────────
    ..\test-results\accessibility-Budget-Contr-021fc-lity-audit-on-register-page-mobile-safari-retry1\trace.zip
    Usage:

        npx playwright show-trace ..\test-results\accessibility-Budget-Contr-021fc-lity-audit-on-register-page-mobile-safari-retry1\trace.zip

    ────────────────────────────────────────────────────────────────────────────────────────────────
]]>
</failure>
<system-out>
<![CDATA[
[[ATTACHMENT|accessibility-Budget-Contr-021fc-lity-audit-on-register-page-mobile-safari\test-failed-1.png]]

[[ATTACHMENT|accessibility-Budget-Contr-021fc-lity-audit-on-register-page-mobile-safari\error-context.md]]

[[ATTACHMENT|accessibility-Budget-Contr-021fc-lity-audit-on-register-page-mobile-safari-retry1\test-failed-1.png]]

[[ATTACHMENT|accessibility-Budget-Contr-021fc-lity-audit-on-register-page-mobile-safari-retry1\error-context.md]]

[[ATTACHMENT|accessibility-Budget-Contr-021fc-lity-audit-on-register-page-mobile-safari-retry1\trace.zip]]
]]>
</system-out>
</testcase>
<testcase name="Budget Control - Accessibility Tests › should have proper ARIA labels and roles" classname="accessibility.spec.js" time="29.904">
<failure message="accessibility.spec.js:30:3 should have proper ARIA labels and roles" type="FAILURE">
<![CDATA[  [mobile-safari] › accessibility.spec.js:30:3 › Budget Control - Accessibility Tests › should have proper ARIA labels and roles 

    Error: expect(locator).toHaveAttribute(expected) failed

    Locator: locator('input[type="email"]')
    Expected pattern: /.*/
    Received string:  ""
    Timeout: 10000ms

    Call log:
      - Expect "toHaveAttribute" with timeout 10000ms
      - waiting for locator('input[type="email"]')
        13 × locator resolved to <input id="email" required="" type="email" name="email" class="form-input" placeholder="vase@email.com"/>
           - unexpected value "null"


      33 |     // Check for proper form labels
      34 |     const emailInput = page.locator('input[type="email"]');
    > 35 |     await expect(emailInput).toHaveAttribute('aria-label', /.*/);
         |                              ^
      36 |
      37 |     const passwordInput = page.locator('input[type="password"]');
      38 |     await expect(passwordInput).toHaveAttribute('aria-label', /.*/);
        at c:\ClaudeProjects\budget-control\tests\accessibility.spec.js:35:30

    attachment #1: screenshot (image/png) ──────────────────────────────────────────────────────────
    ..\test-results\accessibility-Budget-Contr-1ec5a-roper-ARIA-labels-and-roles-mobile-safari\test-failed-1.png
    ────────────────────────────────────────────────────────────────────────────────────────────────

    Error Context: ..\test-results\accessibility-Budget-Contr-1ec5a-roper-ARIA-labels-and-roles-mobile-safari\error-context.md

    Retry #1 ───────────────────────────────────────────────────────────────────────────────────────

    Error: expect(locator).toHaveAttribute(expected) failed

    Locator: locator('input[type="email"]')
    Expected pattern: /.*/
    Received string:  ""
    Timeout: 10000ms

    Call log:
      - Expect "toHaveAttribute" with timeout 10000ms
      - waiting for locator('input[type="email"]')
        12 × locator resolved to <input id="email" required="" type="email" name="email" class="form-input" placeholder="vase@email.com"/>
           - unexpected value "null"


      33 |     // Check for proper form labels
      34 |     const emailInput = page.locator('input[type="email"]');
    > 35 |     await expect(emailInput).toHaveAttribute('aria-label', /.*/);
         |                              ^
      36 |
      37 |     const passwordInput = page.locator('input[type="password"]');
      38 |     await expect(passwordInput).toHaveAttribute('aria-label', /.*/);
        at c:\ClaudeProjects\budget-control\tests\accessibility.spec.js:35:30

    attachment #1: screenshot (image/png) ──────────────────────────────────────────────────────────
    ..\test-results\accessibility-Budget-Contr-1ec5a-roper-ARIA-labels-and-roles-mobile-safari-retry1\test-failed-1.png
    ────────────────────────────────────────────────────────────────────────────────────────────────

    Error Context: ..\test-results\accessibility-Budget-Contr-1ec5a-roper-ARIA-labels-and-roles-mobile-safari-retry1\error-context.md

    attachment #3: trace (application/zip) ─────────────────────────────────────────────────────────
    ..\test-results\accessibility-Budget-Contr-1ec5a-roper-ARIA-labels-and-roles-mobile-safari-retry1\trace.zip
    Usage:

        npx playwright show-trace ..\test-results\accessibility-Budget-Contr-1ec5a-roper-ARIA-labels-and-roles-mobile-safari-retry1\trace.zip

    ────────────────────────────────────────────────────────────────────────────────────────────────
]]>
</failure>
<system-out>
<![CDATA[
[[ATTACHMENT|accessibility-Budget-Contr-1ec5a-roper-ARIA-labels-and-roles-mobile-safari\test-failed-1.png]]

[[ATTACHMENT|accessibility-Budget-Contr-1ec5a-roper-ARIA-labels-and-roles-mobile-safari\error-context.md]]

[[ATTACHMENT|accessibility-Budget-Contr-1ec5a-roper-ARIA-labels-and-roles-mobile-safari-retry1\test-failed-1.png]]

[[ATTACHMENT|accessibility-Budget-Contr-1ec5a-roper-ARIA-labels-and-roles-mobile-safari-retry1\error-context.md]]

[[ATTACHMENT|accessibility-Budget-Contr-1ec5a-roper-ARIA-labels-and-roles-mobile-safari-retry1\trace.zip]]
]]>
</system-out>
</testcase>
<testcase name="Budget Control - Accessibility Tests › should support keyboard navigation" classname="accessibility.spec.js" time="10.316">
</testcase>
<testcase name="Budget Control - Accessibility Tests › should have sufficient color contrast" classname="accessibility.spec.js" time="24.261">
<failure message="accessibility.spec.js:58:3 should have sufficient color contrast" type="FAILURE">
<![CDATA[  [mobile-safari] › accessibility.spec.js:58:3 › Budget Control - Accessibility Tests › should have sufficient color contrast 

    Error: expect(received).toBe(expected) // Object.is equality

    Expected: 0
    Received: 1

      66 |     // Should not have color contrast violations
      67 |     const contrastViolations = results.violations.filter(v => v.id === 'color-contrast');
    > 68 |     expect(contrastViolations.length).toBe(0);
         |                                       ^
      69 |   });
      70 |
      71 |   test('should support screen reader navigation', async ({ page }) => {
        at c:\ClaudeProjects\budget-control\tests\accessibility.spec.js:68:39

    attachment #1: screenshot (image/png) ──────────────────────────────────────────────────────────
    ..\test-results\accessibility-Budget-Contr-85ee0-e-sufficient-color-contrast-mobile-safari\test-failed-1.png
    ────────────────────────────────────────────────────────────────────────────────────────────────

    Error Context: ..\test-results\accessibility-Budget-Contr-85ee0-e-sufficient-color-contrast-mobile-safari\error-context.md

    Retry #1 ───────────────────────────────────────────────────────────────────────────────────────

    Error: expect(received).toBe(expected) // Object.is equality

    Expected: 0
    Received: 1

      66 |     // Should not have color contrast violations
      67 |     const contrastViolations = results.violations.filter(v => v.id === 'color-contrast');
    > 68 |     expect(contrastViolations.length).toBe(0);
         |                                       ^
      69 |   });
      70 |
      71 |   test('should support screen reader navigation', async ({ page }) => {
        at c:\ClaudeProjects\budget-control\tests\accessibility.spec.js:68:39

    attachment #1: screenshot (image/png) ──────────────────────────────────────────────────────────
    ..\test-results\accessibility-Budget-Contr-85ee0-e-sufficient-color-contrast-mobile-safari-retry1\test-failed-1.png
    ────────────────────────────────────────────────────────────────────────────────────────────────

    Error Context: ..\test-results\accessibility-Budget-Contr-85ee0-e-sufficient-color-contrast-mobile-safari-retry1\error-context.md

    attachment #3: trace (application/zip) ─────────────────────────────────────────────────────────
    ..\test-results\accessibility-Budget-Contr-85ee0-e-sufficient-color-contrast-mobile-safari-retry1\trace.zip
    Usage:

        npx playwright show-trace ..\test-results\accessibility-Budget-Contr-85ee0-e-sufficient-color-contrast-mobile-safari-retry1\trace.zip

    ────────────────────────────────────────────────────────────────────────────────────────────────
]]>
</failure>
<system-out>
<![CDATA[
[[ATTACHMENT|accessibility-Budget-Contr-85ee0-e-sufficient-color-contrast-mobile-safari\test-failed-1.png]]

[[ATTACHMENT|accessibility-Budget-Contr-85ee0-e-sufficient-color-contrast-mobile-safari\error-context.md]]

[[ATTACHMENT|accessibility-Budget-Contr-85ee0-e-sufficient-color-contrast-mobile-safari-retry1\test-failed-1.png]]

[[ATTACHMENT|accessibility-Budget-Contr-85ee0-e-sufficient-color-contrast-mobile-safari-retry1\error-context.md]]

[[ATTACHMENT|accessibility-Budget-Contr-85ee0-e-sufficient-color-contrast-mobile-safari-retry1\trace.zip]]
]]>
</system-out>
</testcase>
<testcase name="Budget Control - Accessibility Tests › should support screen reader navigation" classname="accessibility.spec.js" time="10.486">
<failure message="accessibility.spec.js:71:3 should support screen reader navigation" type="FAILURE">
<![CDATA[  [mobile-safari] › accessibility.spec.js:71:3 › Budget Control - Accessibility Tests › should support screen reader navigation 

    Error: expect(received).toBeGreaterThan(expected)

    Expected: > 0
    Received:   0

      78 |     // Check for landmarks
      79 |     const main = await page.locator('main').count();
    > 80 |     expect(main).toBeGreaterThan(0);
         |                  ^
      81 |
      82 |     // Check for form structure
      83 |     const form = await page.locator('form');
        at c:\ClaudeProjects\budget-control\tests\accessibility.spec.js:80:18

    attachment #1: screenshot (image/png) ──────────────────────────────────────────────────────────
    ..\test-results\accessibility-Budget-Contr-72d4b-rt-screen-reader-navigation-mobile-safari\test-failed-1.png
    ────────────────────────────────────────────────────────────────────────────────────────────────

    Error Context: ..\test-results\accessibility-Budget-Contr-72d4b-rt-screen-reader-navigation-mobile-safari\error-context.md

    Retry #1 ───────────────────────────────────────────────────────────────────────────────────────

    Error: expect(received).toBeGreaterThan(expected)

    Expected: > 0
    Received:   0

      78 |     // Check for landmarks
      79 |     const main = await page.locator('main').count();
    > 80 |     expect(main).toBeGreaterThan(0);
         |                  ^
      81 |
      82 |     // Check for form structure
      83 |     const form = await page.locator('form');
        at c:\ClaudeProjects\budget-control\tests\accessibility.spec.js:80:18

    attachment #1: screenshot (image/png) ──────────────────────────────────────────────────────────
    ..\test-results\accessibility-Budget-Contr-72d4b-rt-screen-reader-navigation-mobile-safari-retry1\test-failed-1.png
    ────────────────────────────────────────────────────────────────────────────────────────────────

    Error Context: ..\test-results\accessibility-Budget-Contr-72d4b-rt-screen-reader-navigation-mobile-safari-retry1\error-context.md

    attachment #3: trace (application/zip) ─────────────────────────────────────────────────────────
    ..\test-results\accessibility-Budget-Contr-72d4b-rt-screen-reader-navigation-mobile-safari-retry1\trace.zip
    Usage:

        npx playwright show-trace ..\test-results\accessibility-Budget-Contr-72d4b-rt-screen-reader-navigation-mobile-safari-retry1\trace.zip

    ────────────────────────────────────────────────────────────────────────────────────────────────
]]>
</failure>
<system-out>
<![CDATA[
[[ATTACHMENT|accessibility-Budget-Contr-72d4b-rt-screen-reader-navigation-mobile-safari\test-failed-1.png]]

[[ATTACHMENT|accessibility-Budget-Contr-72d4b-rt-screen-reader-navigation-mobile-safari\error-context.md]]

[[ATTACHMENT|accessibility-Budget-Contr-72d4b-rt-screen-reader-navigation-mobile-safari-retry1\test-failed-1.png]]

[[ATTACHMENT|accessibility-Budget-Contr-72d4b-rt-screen-reader-navigation-mobile-safari-retry1\error-context.md]]

[[ATTACHMENT|accessibility-Budget-Contr-72d4b-rt-screen-reader-navigation-mobile-safari-retry1\trace.zip]]
]]>
</system-out>
</testcase>
<testcase name="Budget Control - Accessibility Tests › should handle focus management properly" classname="accessibility.spec.js" time="7.959">
<failure message="accessibility.spec.js:87:3 should handle focus management properly" type="FAILURE">
<![CDATA[  [mobile-safari] › accessibility.spec.js:87:3 › Budget Control - Accessibility Tests › should handle focus management properly 

    Error: expect(received).toBe(expected) // Object.is equality

    Expected: "INPUT"
    Received: "BODY"

      90 |     // Focus should be on the first input field
      91 |     const activeElement = await page.evaluate(() => document.activeElement?.tagName);
    > 92 |     expect(activeElement).toBe('INPUT');
         |                           ^
      93 |
      94 |     // Focus should move logically through the form
      95 |     await page.keyboard.press('Tab');
        at c:\ClaudeProjects\budget-control\tests\accessibility.spec.js:92:27

    attachment #1: screenshot (image/png) ──────────────────────────────────────────────────────────
    ..\test-results\accessibility-Budget-Contr-23798-e-focus-management-properly-mobile-safari\test-failed-1.png
    ────────────────────────────────────────────────────────────────────────────────────────────────

    Error Context: ..\test-results\accessibility-Budget-Contr-23798-e-focus-management-properly-mobile-safari\error-context.md

    Retry #1 ───────────────────────────────────────────────────────────────────────────────────────

    Error: expect(received).toBe(expected) // Object.is equality

    Expected: "INPUT"
    Received: "BODY"

      90 |     // Focus should be on the first input field
      91 |     const activeElement = await page.evaluate(() => document.activeElement?.tagName);
    > 92 |     expect(activeElement).toBe('INPUT');
         |                           ^
      93 |
      94 |     // Focus should move logically through the form
      95 |     await page.keyboard.press('Tab');
        at c:\ClaudeProjects\budget-control\tests\accessibility.spec.js:92:27

    attachment #1: screenshot (image/png) ──────────────────────────────────────────────────────────
    ..\test-results\accessibility-Budget-Contr-23798-e-focus-management-properly-mobile-safari-retry1\test-failed-1.png
    ────────────────────────────────────────────────────────────────────────────────────────────────

    Error Context: ..\test-results\accessibility-Budget-Contr-23798-e-focus-management-properly-mobile-safari-retry1\error-context.md

    attachment #3: trace (application/zip) ─────────────────────────────────────────────────────────
    ..\test-results\accessibility-Budget-Contr-23798-e-focus-management-properly-mobile-safari-retry1\trace.zip
    Usage:

        npx playwright show-trace ..\test-results\accessibility-Budget-Contr-23798-e-focus-management-properly-mobile-safari-retry1\trace.zip

    ────────────────────────────────────────────────────────────────────────────────────────────────
]]>
</failure>
<system-out>
<![CDATA[
[[ATTACHMENT|accessibility-Budget-Contr-23798-e-focus-management-properly-mobile-safari\test-failed-1.png]]

[[ATTACHMENT|accessibility-Budget-Contr-23798-e-focus-management-properly-mobile-safari\error-context.md]]

[[ATTACHMENT|accessibility-Budget-Contr-23798-e-focus-management-properly-mobile-safari-retry1\test-failed-1.png]]

[[ATTACHMENT|accessibility-Budget-Contr-23798-e-focus-management-properly-mobile-safari-retry1\error-context.md]]

[[ATTACHMENT|accessibility-Budget-Contr-23798-e-focus-management-properly-mobile-safari-retry1\trace.zip]]
]]>
</system-out>
</testcase>
</testsuite>
<testsuite name="api.spec.js" timestamp="2025-11-10T02:50:30.981Z" hostname="mobile-safari" tests="10" failures="4" skipped="0" time="7.783" errors="0">
<testcase name="Budget Control - API Tests › should return proper API documentation" classname="api.spec.js" time="1.734">
<failure message="api.spec.js:9:3 should return proper API documentation" type="FAILURE">
<![CDATA[  [mobile-safari] › api.spec.js:9:3 › Budget Control - API Tests › should return proper API documentation 

    Error: expect(received).toContain(expected) // indexOf

    Expected substring: "text/html"
    Received string:    "application/json"

      10 |     const response = await request.get('/api/v1/docs');
      11 |     expect(response.ok()).toBeTruthy();
    > 12 |     expect(response.headers()['content-type']).toContain('text/html');
         |                                                ^
      13 |   });
      14 |
      15 |   test('should handle unauthenticated API requests properly', async ({ request }) => {
        at c:\ClaudeProjects\budget-control\tests\api.spec.js:12:48

    Retry #1 ───────────────────────────────────────────────────────────────────────────────────────

    Error: expect(received).toContain(expected) // indexOf

    Expected substring: "text/html"
    Received string:    "application/json"

      10 |     const response = await request.get('/api/v1/docs');
      11 |     expect(response.ok()).toBeTruthy();
    > 12 |     expect(response.headers()['content-type']).toContain('text/html');
         |                                                ^
      13 |   });
      14 |
      15 |   test('should handle unauthenticated API requests properly', async ({ request }) => {
        at c:\ClaudeProjects\budget-control\tests\api.spec.js:12:48

    attachment #1: trace (application/zip) ─────────────────────────────────────────────────────────
    ..\test-results\api-Budget-Control---API-T-c77db-rn-proper-API-documentation-mobile-safari-retry1\trace.zip
    Usage:

        npx playwright show-trace ..\test-results\api-Budget-Control---API-T-c77db-rn-proper-API-documentation-mobile-safari-retry1\trace.zip

    ────────────────────────────────────────────────────────────────────────────────────────────────
]]>
</failure>
<system-out>
<![CDATA[
[[ATTACHMENT|api-Budget-Control---API-T-c77db-rn-proper-API-documentation-mobile-safari-retry1\trace.zip]]
]]>
</system-out>
</testcase>
<testcase name="Budget Control - API Tests › should handle unauthenticated API requests properly" classname="api.spec.js" time="1.205">
</testcase>
<testcase name="Budget Control - API Tests › should return proper error responses for invalid endpoints" classname="api.spec.js" time="1.109">
<failure message="api.spec.js:29:3 should return proper error responses for invalid endpoints" type="FAILURE">
<![CDATA[  [mobile-safari] › api.spec.js:29:3 › Budget Control - API Tests › should return proper error responses for invalid endpoints 

    SyntaxError: Unexpected token '<', "
    <div class"... is not valid JSON

      31 |     expect(response.status()).toBe(404);
      32 |
    > 33 |     const responseBody = await response.json();
         |                          ^
      34 |     expect(responseBody).toHaveProperty('error');
      35 |   });
      36 |
        at c:\ClaudeProjects\budget-control\tests\api.spec.js:33:26

    Retry #1 ───────────────────────────────────────────────────────────────────────────────────────

    SyntaxError: Unexpected token '<', "
    <div class"... is not valid JSON

      31 |     expect(response.status()).toBe(404);
      32 |
    > 33 |     const responseBody = await response.json();
         |                          ^
      34 |     expect(responseBody).toHaveProperty('error');
      35 |   });
      36 |
        at c:\ClaudeProjects\budget-control\tests\api.spec.js:33:26

    attachment #1: trace (application/zip) ─────────────────────────────────────────────────────────
    ..\test-results\api-Budget-Control---API-T-56c7b-onses-for-invalid-endpoints-mobile-safari-retry1\trace.zip
    Usage:

        npx playwright show-trace ..\test-results\api-Budget-Control---API-T-56c7b-onses-for-invalid-endpoints-mobile-safari-retry1\trace.zip

    ────────────────────────────────────────────────────────────────────────────────────────────────
]]>
</failure>
<system-out>
<![CDATA[
[[ATTACHMENT|api-Budget-Control---API-T-56c7b-onses-for-invalid-endpoints-mobile-safari-retry1\trace.zip]]
]]>
</system-out>
</testcase>
<testcase name="Budget Control - API Tests › should handle CORS headers properly" classname="api.spec.js" time="1.13">
<failure message="api.spec.js:37:3 should handle CORS headers properly" type="FAILURE">
<![CDATA[  [mobile-safari] › api.spec.js:37:3 › Budget Control - API Tests › should handle CORS headers properly 

    Error: expect(received).toBeTruthy()

    Received: undefined

      43 |
      44 |     // Check CORS headers
    > 45 |     expect(response.headers()['access-control-allow-origin']).toBeTruthy();
         |                                                               ^
      46 |     expect(response.headers()['access-control-allow-methods']).toContain('GET');
      47 |   });
      48 |
        at c:\ClaudeProjects\budget-control\tests\api.spec.js:45:63

    Retry #1 ───────────────────────────────────────────────────────────────────────────────────────

    Error: expect(received).toBeTruthy()

    Received: undefined

      43 |
      44 |     // Check CORS headers
    > 45 |     expect(response.headers()['access-control-allow-origin']).toBeTruthy();
         |                                                               ^
      46 |     expect(response.headers()['access-control-allow-methods']).toContain('GET');
      47 |   });
      48 |
        at c:\ClaudeProjects\budget-control\tests\api.spec.js:45:63

    attachment #1: trace (application/zip) ─────────────────────────────────────────────────────────
    ..\test-results\api-Budget-Control---API-T-e2e7d-andle-CORS-headers-properly-mobile-safari-retry1\trace.zip
    Usage:

        npx playwright show-trace ..\test-results\api-Budget-Control---API-T-e2e7d-andle-CORS-headers-properly-mobile-safari-retry1\trace.zip

    ────────────────────────────────────────────────────────────────────────────────────────────────
]]>
</failure>
<system-out>
<![CDATA[
[[ATTACHMENT|api-Budget-Control---API-T-e2e7d-andle-CORS-headers-properly-mobile-safari-retry1\trace.zip]]
]]>
</system-out>
</testcase>
<testcase name="Budget Control - API Tests › should return JSON content type for API endpoints" classname="api.spec.js" time="0.484">
</testcase>
<testcase name="Budget Control - API Tests › should handle different HTTP methods appropriately" classname="api.spec.js" time="1.224">
<failure message="api.spec.js:54:3 should handle different HTTP methods appropriately" type="FAILURE">
<![CDATA[  [mobile-safari] › api.spec.js:54:3 › Budget Control - API Tests › should handle different HTTP methods appropriately 

    Error: expect(received).toBe(expected) // Object.is equality

    Expected: 200
    Received: 404

      57 |       method: 'OPTIONS'
      58 |     });
    > 59 |     expect(optionsResponse.status()).toBe(200);
         |                                      ^
      60 |
      61 |     // Test POST method on read-only endpoint
      62 |     const postResponse = await request.post('/api/v1/transactions', {
        at c:\ClaudeProjects\budget-control\tests\api.spec.js:59:38

    Retry #1 ───────────────────────────────────────────────────────────────────────────────────────

    Error: expect(received).toBe(expected) // Object.is equality

    Expected: 200
    Received: 404

      57 |       method: 'OPTIONS'
      58 |     });
    > 59 |     expect(optionsResponse.status()).toBe(200);
         |                                      ^
      60 |
      61 |     // Test POST method on read-only endpoint
      62 |     const postResponse = await request.post('/api/v1/transactions', {
        at c:\ClaudeProjects\budget-control\tests\api.spec.js:59:38

    attachment #1: trace (application/zip) ─────────────────────────────────────────────────────────
    ..\test-results\api-Budget-Control---API-T-8fcb3--HTTP-methods-appropriately-mobile-safari-retry1\trace.zip
    Usage:

        npx playwright show-trace ..\test-results\api-Budget-Control---API-T-8fcb3--HTTP-methods-appropriately-mobile-safari-retry1\trace.zip

    ────────────────────────────────────────────────────────────────────────────────────────────────
]]>
</failure>
<system-out>
<![CDATA[
[[ATTACHMENT|api-Budget-Control---API-T-8fcb3--HTTP-methods-appropriately-mobile-safari-retry1\trace.zip]]
]]>
</system-out>
</testcase>
<testcase name="Budget Control - API Tests › should validate API response structure" classname="api.spec.js" time="0.35">
</testcase>
<testcase name="Budget Control - API Tests › should handle query parameters correctly" classname="api.spec.js" time="0.277">
</testcase>
<testcase name="Budget Control - API Tests › should have reasonable response times" classname="api.spec.js" time="0.174">
</testcase>
<testcase name="Budget Control - API Tests › should handle malformed JSON gracefully" classname="api.spec.js" time="0.096">
</testcase>
</testsuite>
<testsuite name="budget-app.spec.js" timestamp="2025-11-10T02:50:30.981Z" hostname="mobile-safari" tests="17" failures="0" skipped="0" time="53.481" errors="0">
<testcase name="Budget Control App - Docker Test Suite › should load the application homepage" classname="budget-app.spec.js" time="2.466">
<system-out>
<![CDATA[📄 Page Title: Přihlášení - Budget Control
✅ Application loaded successfully
]]>
</system-out>
</testcase>
<testcase name="Budget Control App - Docker Test Suite › should respond with HTTP 200 or 302 (redirect)" classname="budget-app.spec.js" time="3.632">
<system-out>
<![CDATA[🌐 Response Status: 200
✅ HTTP status is valid
]]>
</system-out>
</testcase>
<testcase name="Budget Control App - Docker Test Suite › should have proper HTML structure" classname="budget-app.spec.js" time="2.786">
<system-out>
<![CDATA[✅ HTML structure is valid
]]>
</system-out>
</testcase>
<testcase name="Budget Control App - Docker Test Suite › should not have console errors" classname="budget-app.spec.js" time="3.266">
<system-out>
<![CDATA[✅ No console errors detected
]]>
</system-out>
</testcase>
<testcase name="Budget Control App - Docker Test Suite › should have proper CSS styling" classname="budget-app.spec.js" time="2.677">
<system-out>
<![CDATA[📊 Stylesheets loaded: 2
✅ CSS resources are available
]]>
</system-out>
</testcase>
<testcase name="Budget Control App - Docker Test Suite › should have proper charset and viewport meta tags" classname="budget-app.spec.js" time="2.582">
<system-out>
<![CDATA[✅ Charset meta tag present
✅ Viewport meta tag present
]]>
</system-out>
</testcase>
<testcase name="Budget Control App - Docker Test Suite › should check for navigation elements" classname="budget-app.spec.js" time="2.588">
<system-out>
<![CDATA[⚠️  No obvious navigation elements found
]]>
</system-out>
</testcase>
<testcase name="Budget Control App - Docker Test Suite › should verify page performance (load time)" classname="budget-app.spec.js" time="3.302">
<system-out>
<![CDATA[⏱️  Page load time: 768ms
✅ Load time is acceptable
]]>
</system-out>
</testcase>
<testcase name="Budget Control App - Docker Test Suite › should check for database connectivity" classname="budget-app.spec.js" time="2.224">
<system-out>
<![CDATA[✅ No obvious database errors detected
]]>
</system-out>
</testcase>
<testcase name="Budget Control App - Docker Test Suite › should verify network connectivity" classname="budget-app.spec.js" time="3.322">
<system-out>
<![CDATA[✅ All network requests successful
]]>
</system-out>
</testcase>
<testcase name="Budget Control App - Docker Test Suite › should check Docker environment variables" classname="budget-app.spec.js" time="3.756">
<system-out>
<![CDATA[✅ Docker environment configured correctly
   - Base URL: http://localhost:8080
   - Container: budget-control-app
   - Database: SQLite (file-based)
]]>
</system-out>
</testcase>
<testcase name="Budget Control App - Docker Test Suite › should capture full page screenshot" classname="budget-app.spec.js" time="4.539">
<system-out>
<![CDATA[📸 Screenshot saved to tests/screenshots/budget-app-homepage.png
]]>
</system-out>
</testcase>
<testcase name="Budget Control App - Docker Infrastructure Tests › should verify port mapping (8080:80)" classname="budget-app.spec.js" time="2.601">
<system-out>
<![CDATA[✅ Port mapping verified: 0.0.0.0:8080->80/tcp
]]>
</system-out>
</testcase>
<testcase name="Budget Control App - Docker Infrastructure Tests › should check Docker volume mounts" classname="budget-app.spec.js" time="3.155">
<system-out>
<![CDATA[✅ Volume mounts verified:
   - /var/www/html/database
   - /var/www/html/uploads
   - /var/www/html/storage
]]>
</system-out>
</testcase>
<testcase name="Budget Control App - Docker Infrastructure Tests › should verify network isolation (bridge network)" classname="budget-app.spec.js" time="2.47">
<system-out>
<![CDATA[✅ Network isolation verified (budget-net bridge network)
]]>
</system-out>
</testcase>
<testcase name="Budget Control App - Docker Infrastructure Tests › should verify environment variables are set correctly" classname="budget-app.spec.js" time="2.288">
<system-out>
<![CDATA[✅ Environment variables verified:
   - APP_DEBUG: true
   - APP_URL: http://localhost:8080
   - DATABASE_PATH: /var/www/html/database/budget.db
   - TIMEZONE: Europe/Prague
   - CURRENCY: CZK
]]>
</system-out>
</testcase>
<testcase name="Budget Control App - Docker Infrastructure Tests › should verify PHP and Apache are running" classname="budget-app.spec.js" time="5.827">
<system-out>
<![CDATA[Server Header: Apache/2.4.65 (Debian)
✅ PHP 8.2-Apache is running correctly
]]>
</system-out>
</testcase>
</testsuite>
<testsuite name="functionality.spec.js" timestamp="2025-11-10T02:50:30.981Z" hostname="mobile-safari" tests="57" failures="0" skipped="0" time="251.528" errors="0">
<testcase name="Budget Control - Comprehensive Functionality Tests › Dashboard should be accessible" classname="functionality.spec.js" time="5.699">
<system-out>
<![CDATA[✅ Dashboard route accessible
]]>
</system-out>
</testcase>
<testcase name="Budget Control - Comprehensive Functionality Tests › Accounts list route should respond" classname="functionality.spec.js" time="5.652">
<system-out>
<![CDATA[  Account list status: 200
✅ Accounts list route accessible
]]>
</system-out>
</testcase>
<testcase name="Budget Control - Comprehensive Functionality Tests › Account create form route should respond" classname="functionality.spec.js" time="5.896">
<system-out>
<![CDATA[  Account create form status: 200
✅ Account create form route accessible
]]>
</system-out>
</testcase>
<testcase name="Budget Control - Comprehensive Functionality Tests › Transactions list route should respond" classname="functionality.spec.js" time="2.798">
<system-out>
<![CDATA[  Transactions list status: 200
✅ Transactions list route accessible
]]>
</system-out>
</testcase>
<testcase name="Budget Control - Comprehensive Functionality Tests › Transaction create form route should respond" classname="functionality.spec.js" time="3.259">
<system-out>
<![CDATA[  Transaction create form status: 200
✅ Transaction create form route accessible
]]>
</system-out>
</testcase>
<testcase name="Budget Control - Comprehensive Functionality Tests › Transaction export CSV route should respond" classname="functionality.spec.js" time="3.153">
<system-out>
<![CDATA[  Transaction export CSV status: 200
✅ Transaction export CSV route accessible
]]>
</system-out>
</testcase>
<testcase name="Budget Control - Comprehensive Functionality Tests › Transaction export XLSX route should respond" classname="functionality.spec.js" time="2.705">
<system-out>
<![CDATA[  Transaction export XLSX status: 200
✅ Transaction export XLSX route accessible
]]>
</system-out>
</testcase>
<testcase name="Budget Control - Comprehensive Functionality Tests › Recurring transaction detection route should respond" classname="functionality.spec.js" time="2.417">
<system-out>
<![CDATA[  Recurring transaction detect status: 200
✅ Recurring transaction detection route accessible
]]>
</system-out>
</testcase>
<testcase name="Budget Control - Comprehensive Functionality Tests › Categories list route should respond" classname="functionality.spec.js" time="2.957">
<system-out>
<![CDATA[  Categories list status: 200
✅ Categories list route accessible
]]>
</system-out>
</testcase>
<testcase name="Budget Control - Comprehensive Functionality Tests › Budgets list route should respond" classname="functionality.spec.js" time="2.108">
<system-out>
<![CDATA[  Budgets list status: 200
✅ Budgets list route accessible
]]>
</system-out>
</testcase>
<testcase name="Budget Control - Comprehensive Functionality Tests › Budget alerts route should respond" classname="functionality.spec.js" time="2.327">
<system-out>
<![CDATA[  Budget alerts status: 200
✅ Budget alerts route accessible
]]>
</system-out>
</testcase>
<testcase name="Budget Control - Comprehensive Functionality Tests › Budget templates route should respond" classname="functionality.spec.js" time="2.67">
<system-out>
<![CDATA[  Budget templates status: 200
✅ Budget templates route accessible
]]>
</system-out>
</testcase>
<testcase name="Budget Control - Comprehensive Functionality Tests › Budget analytics route should respond" classname="functionality.spec.js" time="3.103">
<system-out>
<![CDATA[  Budget analytics status: 200
✅ Budget analytics route accessible
]]>
</system-out>
</testcase>
<testcase name="Budget Control - Comprehensive Functionality Tests › CSV import form route should respond" classname="functionality.spec.js" time="2.673">
<system-out>
<![CDATA[  CSV import form status: 200
✅ CSV import form route accessible
]]>
</system-out>
</testcase>
<testcase name="Budget Control - Comprehensive Functionality Tests › Investments list route should respond" classname="functionality.spec.js" time="2.449">
<system-out>
<![CDATA[  Investments list status: 200
✅ Investments list route accessible
]]>
</system-out>
</testcase>
<testcase name="Budget Control - Comprehensive Functionality Tests › Investment portfolio route should respond" classname="functionality.spec.js" time="2.752">
<system-out>
<![CDATA[  Investment portfolio status: 200
✅ Investment portfolio route accessible
]]>
</system-out>
</testcase>
<testcase name="Budget Control - Comprehensive Functionality Tests › Investment performance route should respond" classname="functionality.spec.js" time="2.917">
<system-out>
<![CDATA[  Investment performance status: 200
✅ Investment performance route accessible
]]>
</system-out>
</testcase>
<testcase name="Budget Control - Comprehensive Functionality Tests › Investment diversification route should respond" classname="functionality.spec.js" time="3.67">
<system-out>
<![CDATA[  Investment diversification status: 200
✅ Investment diversification route accessible
]]>
</system-out>
</testcase>
<testcase name="Budget Control - Comprehensive Functionality Tests › Financial goals list route should respond" classname="functionality.spec.js" time="3.411">
<system-out>
<![CDATA[  Goals list status: 200
✅ Financial goals list route accessible
]]>
</system-out>
</testcase>
<testcase name="Budget Control - Comprehensive Functionality Tests › Goals dashboard route should respond" classname="functionality.spec.js" time="6.903">
<system-out>
<![CDATA[  Goals dashboard status: 200
✅ Goals dashboard route accessible
]]>
</system-out>
</testcase>
<testcase name="Budget Control - Comprehensive Functionality Tests › Tips route should respond" classname="functionality.spec.js" time="5.433">
<system-out>
<![CDATA[  Tips status: 200
✅ Tips route accessible
]]>
</system-out>
</testcase>
<testcase name="Budget Control - Comprehensive Functionality Tests › Guides route should respond" classname="functionality.spec.js" time="5.058">
<system-out>
<![CDATA[  Guides status: 200
✅ Guides route accessible
]]>
</system-out>
</testcase>
<testcase name="Budget Control - Comprehensive Functionality Tests › Monthly report route should respond" classname="functionality.spec.js" time="5.993">
<system-out>
<![CDATA[  Monthly report status: 200
✅ Monthly report route accessible
]]>
</system-out>
</testcase>
<testcase name="Budget Control - Comprehensive Functionality Tests › Yearly report route should respond" classname="functionality.spec.js" time="3.533">
<system-out>
<![CDATA[  Yearly report status: 200
✅ Yearly report route accessible
]]>
</system-out>
</testcase>
<testcase name="Budget Control - Comprehensive Functionality Tests › Net worth report route should respond" classname="functionality.spec.js" time="2.855">
<system-out>
<![CDATA[  Net worth report status: 200
✅ Net worth report route accessible
]]>
</system-out>
</testcase>
<testcase name="Budget Control - Comprehensive Functionality Tests › Analytics report route should respond" classname="functionality.spec.js" time="3.401">
<system-out>
<![CDATA[  Analytics report status: 200
✅ Analytics report route accessible
]]>
</system-out>
</testcase>
<testcase name="Budget Control - Comprehensive Functionality Tests › API v1 documentation route should respond" classname="functionality.spec.js" time="1.599">
<system-out>
<![CDATA[  API docs status: 200
✅ API documentation route accessible
]]>
</system-out>
</testcase>
<testcase name="Budget Control - Comprehensive Functionality Tests › API v1 transactions route should respond" classname="functionality.spec.js" time="1.921">
<system-out>
<![CDATA[  API v1 transactions status: 401
✅ API v1 transactions route accessible
]]>
</system-out>
</testcase>
<testcase name="Budget Control - Database &amp; Data Operations › Database connection should be working" classname="functionality.spec.js" time="3.283">
<system-out>
<![CDATA[⚠️  Database status unclear, got response: [33m200[39m
]]>
</system-out>
</testcase>
<testcase name="Budget Control - Database &amp; Data Operations › SQLite database file should exist" classname="functionality.spec.js" time="0.005">
<system-out>
<![CDATA[✅ Database file mounted in Docker volume
]]>
</system-out>
</testcase>
<testcase name="Budget Control - Database &amp; Data Operations › Session management should work" classname="functionality.spec.js" time="3.678">
<system-out>
<![CDATA[ℹ️  No Set-Cookie header in response
]]>
</system-out>
</testcase>
<testcase name="Budget Control - Feature Availability › Feature: CSV Import should be enabled" classname="functionality.spec.js" time="3.272">
<system-out>
<![CDATA[✅ CSV Import feature: AVAILABLE
]]>
</system-out>
</testcase>
<testcase name="Budget Control - Feature Availability › Feature: Investments should be enabled" classname="functionality.spec.js" time="2.195">
<system-out>
<![CDATA[✅ Investments feature: AVAILABLE
]]>
</system-out>
</testcase>
<testcase name="Budget Control - Feature Availability › Feature: Financial Goals should be enabled" classname="functionality.spec.js" time="2.821">
<system-out>
<![CDATA[✅ Financial Goals feature: AVAILABLE
]]>
</system-out>
</testcase>
<testcase name="Budget Control - Feature Availability › Feature: Budget Management should be enabled" classname="functionality.spec.js" time="2.676">
<system-out>
<![CDATA[✅ Budget Management feature: AVAILABLE
]]>
</system-out>
</testcase>
<testcase name="Budget Control - Feature Availability › Feature: Reports should be enabled" classname="functionality.spec.js" time="3.157">
<system-out>
<![CDATA[✅ Reports feature: AVAILABLE
]]>
</system-out>
</testcase>
<testcase name="Budget Control - Feature Availability › Feature: API should be available" classname="functionality.spec.js" time="2.306">
<system-out>
<![CDATA[✅ RESTful API (v1): AVAILABLE
]]>
</system-out>
</testcase>
<testcase name="Budget Control - Feature Availability › Feature: Transaction Management should be available" classname="functionality.spec.js" time="4.579">
<system-out>
<![CDATA[✅ Transaction Management feature: AVAILABLE
]]>
</system-out>
</testcase>
<testcase name="Budget Control - Feature Availability › Feature: Category Management should be available" classname="functionality.spec.js" time="4.096">
<system-out>
<![CDATA[✅ Category Management feature: AVAILABLE
]]>
</system-out>
</testcase>
<testcase name="Budget Control - Feature Availability › Feature: Account Management should be available" classname="functionality.spec.js" time="5.111">
<system-out>
<![CDATA[✅ Account Management feature: AVAILABLE
]]>
</system-out>
</testcase>
<testcase name="Budget Control - Feature Availability › Feature: Education/Tips should be available" classname="functionality.spec.js" time="4.214">
<system-out>
<![CDATA[✅ Education/Tips feature: AVAILABLE
]]>
</system-out>
</testcase>
<testcase name="Budget Control - Utility Features › Utility: Transaction Export to CSV" classname="functionality.spec.js" time="7.678">
<system-out>
<![CDATA[✅ Transaction export to CSV: AVAILABLE
]]>
</system-out>
</testcase>
<testcase name="Budget Control - Utility Features › Utility: Transaction Export to Excel" classname="functionality.spec.js" time="8.571">
<system-out>
<![CDATA[✅ Transaction export to Excel (XLSX): AVAILABLE
]]>
</system-out>
</testcase>
<testcase name="Budget Control - Utility Features › Utility: Recurring Transaction Detection" classname="functionality.spec.js" time="8.93">
<system-out>
<![CDATA[✅ Recurring transaction detection: AVAILABLE
]]>
</system-out>
</testcase>
<testcase name="Budget Control - Utility Features › Utility: Investment Diversification Analysis" classname="functionality.spec.js" time="7.019">
<system-out>
<![CDATA[✅ Investment diversification analysis: AVAILABLE
]]>
</system-out>
</testcase>
<testcase name="Budget Control - Utility Features › Utility: Budget Alerts" classname="functionality.spec.js" time="6.392">
<system-out>
<![CDATA[✅ Budget alerts/notifications: AVAILABLE
]]>
</system-out>
</testcase>
<testcase name="Budget Control - Utility Features › Utility: Budget Templates" classname="functionality.spec.js" time="5.223">
<system-out>
<![CDATA[✅ Budget templates: AVAILABLE
]]>
</system-out>
</testcase>
<testcase name="Budget Control - Utility Features › Utility: Goal Milestones &amp; Projections" classname="functionality.spec.js" time="5.398">
<system-out>
<![CDATA[✅ Goal milestones and projections: AVAILABLE
]]>
</system-out>
</testcase>
<testcase name="Budget Control - Utility Features › Utility: Multiple Report Types" classname="functionality.spec.js" time="11.434">
<system-out>
<![CDATA[✅ Multiple report types available: 4/4
]]>
</system-out>
</testcase>
<testcase name="Budget Control - API Functionality › API: GET /api/v1/transactions" classname="functionality.spec.js" time="4.428">
<system-out>
<![CDATA[✅ API endpoint /api/v1/transactions: RESPONSIVE
]]>
</system-out>
</testcase>
<testcase name="Budget Control - API Functionality › API: POST /api/transactions/categorize (Legacy)" classname="functionality.spec.js" time="5.763">
<system-out>
<![CDATA[✅ API endpoint /api/transactions/categorize: REGISTERED
]]>
</system-out>
</testcase>
<testcase name="Budget Control - API Functionality › API: POST /api/recommendations" classname="functionality.spec.js" time="5.033">
<system-out>
<![CDATA[✅ API endpoint /api/recommendations: REGISTERED
]]>
</system-out>
</testcase>
<testcase name="Budget Control - API Functionality › API: Asset Allocation Endpoints" classname="functionality.spec.js" time="7.732">
<system-out>
<![CDATA[✅ Asset allocation API endpoints: 2/2 accessible
]]>
</system-out>
</testcase>
<testcase name="Budget Control - Application Stability › Application should handle unknown routes gracefully" classname="functionality.spec.js" time="4.213">
<system-out>
<![CDATA[✅ 404 handling: Working correctly
]]>
</system-out>
</testcase>
<testcase name="Budget Control - Application Stability › Application should have proper error handling" classname="functionality.spec.js" time="5.88">
<system-out>
<![CDATA[✅ Error handling: Configured (error indicators not found on home)
]]>
</system-out>
</testcase>
<testcase name="Budget Control - Application Stability › Application should have no critical runtime errors" classname="functionality.spec.js" time="6.734">
<system-out>
<![CDATA[✅ No critical errors: Application running smoothly
]]>
</system-out>
</testcase>
<testcase name="Budget Control - Application Stability › Application routes should be consistently responsive" classname="functionality.spec.js" time="10.395">
<system-out>
<![CDATA[✅ Route responsiveness: 7/7 routes responded
]]>
</system-out>
</testcase>
</testsuite>
<testsuite name="improved-functionality.spec.js" timestamp="2025-11-10T02:50:30.981Z" hostname="mobile-safari" tests="23" failures="0" skipped="0" time="102.259" errors="0">
<testcase name="Budget Control - Authentication &amp; Session Management › Root path should redirect unauthenticated users to login" classname="improved-functionality.spec.js" time="3.742">
<system-out>
<![CDATA[📍 Initial response: 200
📍 Final URL: http://localhost:8080/login
✅ Unauthenticated user properly redirected to login
]]>
</system-out>
</testcase>
<testcase name="Budget Control - Authentication &amp; Session Management › Login page should be accessible without authentication" classname="improved-functionality.spec.js" time="3.226">
<system-out>
<![CDATA[✅ Login page accessible and has proper form elements
]]>
</system-out>
</testcase>
<testcase name="Budget Control - Authentication &amp; Session Management › Session should be created when visiting the site" classname="improved-functionality.spec.js" time="1.994">
<system-out>
<![CDATA[✅ Session created: PHPSESSID=086df217...
]]>
</system-out>
</testcase>
<testcase name="Budget Control - Authentication &amp; Session Management › Register page should be accessible without authentication" classname="improved-functionality.spec.js" time="4.121">
<system-out>
<![CDATA[✅ Register page accessible
]]>
</system-out>
</testcase>
<testcase name="Budget Control - Protected Routes (Unauthenticated) › Protected routes should redirect to login when not authenticated" classname="improved-functionality.spec.js" time="10.743">
<system-out>
<![CDATA[✅ /accounts → Properly protected (redirected to login)
✅ /transactions → Properly protected (redirected to login)
✅ /categories → Properly protected (redirected to login)
✅ /budgets → Properly protected (redirected to login)
✅ /goals → Properly protected (redirected to login)
✅ /investments → Properly protected (redirected to login)
✅ /reports/monthly → Properly protected (redirected to login)
]]>
</system-out>
</testcase>
<testcase name="Budget Control - Protected Routes (Unauthenticated) › API routes should return 401 Unauthorized when not authenticated" classname="improved-functionality.spec.js" time="3.606">
<system-out>
<![CDATA[✅ /api/v1/transactions → Status: 401 (Properly protected)
✅ /api/v1/accounts → Status: 401 (Properly protected)
✅ /api/v1/budgets → Status: 401 (Properly protected)
]]>
</system-out>
</testcase>
<testcase name="Budget Control - Public Routes › Public routes should be accessible without authentication" classname="improved-functionality.spec.js" time="4.916">
<system-out>
<![CDATA[✅ Login Page (/login) → Accessible (200)
✅ Register Page (/register) → Accessible (200)
]]>
</system-out>
</testcase>
<testcase name="Budget Control - Public Routes › 404 page should be returned for invalid routes" classname="improved-functionality.spec.js" time="3.272">
<system-out>
<![CDATA[✅ Invalid routes return 404
]]>
</system-out>
</testcase>
<testcase name="Budget Control - Route Responsiveness › All defined routes should respond (with or without auth)" classname="improved-functionality.spec.js" time="9.453">
<system-out>
<![CDATA[✅ /login → 200
✅ /register → 200
✅ /accounts → 200
✅ /transactions → 200
✅ /categories → 200
✅ /budgets → 200
✅ /goals → 200
✅ /investments → 200
✅ /reports/monthly → 200
✅ /reports/yearly → 200
✅ /reports/net-worth → 200
✅ /reports/analytics → 200
✅ /api/v1/docs → 200
✅ /api/v1/transactions → 401

📊 Route Responsiveness: 14/14 (100%)
]]>
</system-out>
</testcase>
<testcase name="Budget Control - Feature Availability › Core features should be available" classname="improved-functionality.spec.js" time="6.177">
<system-out>
<![CDATA[✅ Account Management: AVAILABLE
✅ Transaction Management: AVAILABLE
✅ Category Management: AVAILABLE
✅ Budget Management: AVAILABLE
✅ Financial Goals: AVAILABLE
✅ Investment Tracking: AVAILABLE
✅ Monthly Reports: AVAILABLE
✅ CSV Import: AVAILABLE

📊 Feature Availability: 8/8 (100%)
]]>
</system-out>
</testcase>
<testcase name="Budget Control - Feature Availability › Advanced features should be available" classname="improved-functionality.spec.js" time="5.59">
<system-out>
<![CDATA[✅ Budget Alerts: AVAILABLE
✅ Budget Templates: AVAILABLE
✅ Budget Analytics: AVAILABLE
✅ Investment Portfolio: AVAILABLE
✅ Diversification Analysis: AVAILABLE
✅ Goals Dashboard: AVAILABLE
✅ CSV Export: AVAILABLE
✅ Excel Export: AVAILABLE
✅ Recurring Detection: AVAILABLE

📊 Advanced Features: 9/9 (100%)
]]>
</system-out>
</testcase>
<testcase name="Budget Control - API Endpoints › API v1 endpoints should respond" classname="improved-functionality.spec.js" time="1.882">
<system-out>
<![CDATA[✅ API Documentation → 200
✅ Transactions API → 401
✅ Accounts API → 401
✅ Budgets API → 401
]]>
</system-out>
</testcase>
<testcase name="Budget Control - API Endpoints › Investment API endpoints should respond" classname="improved-functionality.spec.js" time="3.957">
<system-out>
<![CDATA[✅ /api/investments/allocation/current → 200
✅ /api/investments/allocation/ideal/conservative → 200
✅ /api/investments/allocation/ideal/moderate → 200
✅ /api/investments/allocation/ideal/aggressive → 200

📊 Investment API Endpoints: 4/4 responding
]]>
</system-out>
</testcase>
<testcase name="Budget Control - Application Health › Application should not have console errors on login page" classname="improved-functionality.spec.js" time="3.407">
<system-out>
<![CDATA[✅ No console errors on login page
]]>
</system-out>
</testcase>
<testcase name="Budget Control - Application Health › Application should load within reasonable time" classname="improved-functionality.spec.js" time="6.28">
<system-out>
<![CDATA[⏱️  / loaded in 2034ms
⏱️  /login loaded in 1203ms
⏱️  /register loaded in 636ms
✅ All pages load within acceptable time
]]>
</system-out>
</testcase>
<testcase name="Budget Control - Application Health › Application should have proper HTML structure" classname="improved-functionality.spec.js" time="3.282">
<system-out>
<![CDATA[✅ Proper HTML structure verified
]]>
</system-out>
</testcase>
<testcase name="Budget Control - Application Health › Static assets should be accessible" classname="improved-functionality.spec.js" time="3.581">
<system-out>
<![CDATA[✅ All static assets loaded successfully
]]>
</system-out>
</testcase>
<testcase name="Budget Control - Docker Integration › Application should be accessible via Docker port mapping" classname="improved-functionality.spec.js" time="3.549">
<system-out>
<![CDATA[✅ Docker port mapping (8080→80) working correctly
]]>
</system-out>
</testcase>
<testcase name="Budget Control - Docker Integration › Application should have proper server headers" classname="improved-functionality.spec.js" time="3.465">
<system-out>
<![CDATA[🖥️  Server: Apache/2.4.65 (Debian)
🐘 PHP: PHP/8.2.29
✅ Apache and PHP are running correctly
]]>
</system-out>
</testcase>
<testcase name="Budget Control - Docker Integration › Database should be accessible via Docker volume" classname="improved-functionality.spec.js" time="3.47">
<system-out>
<![CDATA[✅ Database volume mounted and accessible
]]>
</system-out>
</testcase>
<testcase name="Budget Control - Redirect Flow Verification › Root path redirect flow should work correctly" classname="improved-functionality.spec.js" time="3.745">
<system-out>
<![CDATA[📍 Initial request: http://localhost:8080/
📍 Final URL: http://localhost:8080/login
✅ Redirect flow working correctly
]]>
</system-out>
</testcase>
<testcase name="Budget Control - Redirect Flow Verification › Multiple sequential redirects should work" classname="improved-functionality.spec.js" time="6.341">
<system-out>
<![CDATA[✅ / → http://localhost:8080/login
✅ /accounts → http://localhost:8080/login
✅ /transactions → http://localhost:8080/login
✅ /budgets → http://localhost:8080/login
✅ All redirects working correctly
]]>
</system-out>
</testcase>
<testcase name="Budget Control - Overall Status › Generate test summary" classname="improved-functionality.spec.js" time="2.46">
<system-out>
<![CDATA[
============================================================
BUDGET CONTROL APPLICATION - TEST SUMMARY
============================================================

✅ Core Functionality:
   - Login Page: WORKING
   - Authentication: IMPLEMENTED
   - Session Management: ACTIVE

✅ Infrastructure:
   - Docker Container: RUNNING
   - Apache Server: ACTIVE
   - PHP 8.2: WORKING
   - Database: CONNECTED

✅ Security:
   - Protected Routes: SECURED
   - Authentication Required: YES
   - Session Cookies: ENABLED

============================================================
APPLICATION STATUS: ✅ FULLY OPERATIONAL
============================================================

]]>
</system-out>
</testcase>
</testsuite>
<testsuite name="performance.spec.js" timestamp="2025-11-10T02:50:30.981Z" hostname="mobile-safari" tests="8" failures="1" skipped="0" time="51.506" errors="0">
<testcase name="Budget Control - Performance Tests › should load homepage within acceptable time" classname="performance.spec.js" time="3.978">
<system-out>
<![CDATA[Homepage load time: 1091ms
]]>
</system-out>
</testcase>
<testcase name="Budget Control - Performance Tests › should load login page quickly" classname="performance.spec.js" time="3.55">
<system-out>
<![CDATA[Login page load time: 478ms
]]>
</system-out>
</testcase>
<testcase name="Budget Control - Performance Tests › should have reasonable Lighthouse performance score" classname="performance.spec.js" time="4.705">
<system-out>
<![CDATA[Performance metrics: {
  domContentLoaded: [33m0[39m,
  loadComplete: [33m0[39m,
  firstPaint: [33m0[39m,
  firstContentfulPaint: [33m612[39m
}
]]>
</system-out>
</testcase>
<testcase name="Budget Control - Performance Tests › should handle multiple concurrent users" classname="performance.spec.js" time="7.722">
<system-out>
<![CDATA[Concurrent users test: 3 users, 1752ms total, 584ms average
]]>
</system-out>
</testcase>
<testcase name="Budget Control - Performance Tests › should not have memory leaks on navigation" classname="performance.spec.js" time="17.597">
<failure message="performance.spec.js:90:3 should not have memory leaks on navigation" type="FAILURE">
<![CDATA[  [mobile-safari] › performance.spec.js:90:3 › Budget Control - Performance Tests › should not have memory leaks on navigation 

    ReferenceError: errors is not defined

      109 |
      110 |     // Should not have accumulated errors
    > 111 |     expect(errors.length).toBe(0);
          |            ^
      112 |   });
      113 |
      114 |   test('should load assets efficiently', async ({ page }) => {
        at c:\ClaudeProjects\budget-control\tests\performance.spec.js:111:12

    attachment #1: screenshot (image/png) ──────────────────────────────────────────────────────────
    ..\test-results\performance-Budget-Control-5c485--memory-leaks-on-navigation-mobile-safari\test-failed-1.png
    ────────────────────────────────────────────────────────────────────────────────────────────────

    Error Context: ..\test-results\performance-Budget-Control-5c485--memory-leaks-on-navigation-mobile-safari\error-context.md

    Retry #1 ───────────────────────────────────────────────────────────────────────────────────────

    ReferenceError: errors is not defined

      109 |
      110 |     // Should not have accumulated errors
    > 111 |     expect(errors.length).toBe(0);
          |            ^
      112 |   });
      113 |
      114 |   test('should load assets efficiently', async ({ page }) => {
        at c:\ClaudeProjects\budget-control\tests\performance.spec.js:111:12

    attachment #1: screenshot (image/png) ──────────────────────────────────────────────────────────
    ..\test-results\performance-Budget-Control-5c485--memory-leaks-on-navigation-mobile-safari-retry1\test-failed-1.png
    ────────────────────────────────────────────────────────────────────────────────────────────────

    Error Context: ..\test-results\performance-Budget-Control-5c485--memory-leaks-on-navigation-mobile-safari-retry1\error-context.md

    attachment #3: trace (application/zip) ─────────────────────────────────────────────────────────
    ..\test-results\performance-Budget-Control-5c485--memory-leaks-on-navigation-mobile-safari-retry1\trace.zip
    Usage:

        npx playwright show-trace ..\test-results\performance-Budget-Control-5c485--memory-leaks-on-navigation-mobile-safari-retry1\trace.zip

    ────────────────────────────────────────────────────────────────────────────────────────────────
]]>
</failure>
<system-out>
<![CDATA[
[[ATTACHMENT|performance-Budget-Control-5c485--memory-leaks-on-navigation-mobile-safari\test-failed-1.png]]

[[ATTACHMENT|performance-Budget-Control-5c485--memory-leaks-on-navigation-mobile-safari\error-context.md]]

[[ATTACHMENT|performance-Budget-Control-5c485--memory-leaks-on-navigation-mobile-safari-retry1\test-failed-1.png]]

[[ATTACHMENT|performance-Budget-Control-5c485--memory-leaks-on-navigation-mobile-safari-retry1\error-context.md]]

[[ATTACHMENT|performance-Budget-Control-5c485--memory-leaks-on-navigation-mobile-safari-retry1\trace.zip]]
]]>
</system-out>
</testcase>
<testcase name="Budget Control - Performance Tests › should load assets efficiently" classname="performance.spec.js" time="4.88">
<system-out>
<![CDATA[Loaded 2 assets: [ [32m'stylesheet: tailwind.css'[39m, [32m'stylesheet: style.css'[39m ]
]]>
</system-out>
</testcase>
<testcase name="Budget Control - Performance Tests › should handle JavaScript execution performance" classname="performance.spec.js" time="2.823">
<system-out>
<![CDATA[JavaScript execution time: 1ms
]]>
</system-out>
</testcase>
<testcase name="Budget Control - Performance Tests › should maintain performance under repeated navigation" classname="performance.spec.js" time="6.251">
<system-out>
<![CDATA[Navigation performance: avg 713ms, max 979ms
]]>
</system-out>
</testcase>
</testsuite>
<testsuite name="settings.spec.js" timestamp="2025-11-10T02:50:30.981Z" hostname="mobile-safari" tests="7" failures="0" skipped="0" time="31.028" errors="0">
<testcase name="Budget Control - Settings Functionality Tests › should redirect to login when accessing settings without authentication" classname="settings.spec.js" time="4.064">
<system-out>
<![CDATA[✅ Settings page redirect status: 200
]]>
</system-out>
</testcase>
<testcase name="Budget Control - Settings Functionality Tests › should have settings routes defined and responsive" classname="settings.spec.js" time="5.714">
<system-out>
<![CDATA[✅ Settings route /settings: 200
✅ Settings route /settings/profile: 200
✅ Settings route /settings/notifications: 200
✅ Settings route /settings/preferences: 200
✅ Settings route /settings/security: 200
]]>
</system-out>
</testcase>
<testcase name="Budget Control - Settings Functionality Tests › should verify SettingsController syntax is valid" classname="settings.spec.js" time="3.209">
<system-out>
<![CDATA[✅ No PHP parse errors detected
]]>
</system-out>
</testcase>
<testcase name="Budget Control - Settings Functionality Tests › should check for settings-related content in application" classname="settings.spec.js" time="2.96">
<system-out>
<![CDATA[ℹ️  No settings content found (may be behind authentication)
]]>
</system-out>
</testcase>
<testcase name="Budget Control - Settings Functionality Tests › should verify settings routes are registered in the application" classname="settings.spec.js" time="3.958">
<system-out>
<![CDATA[✅ Settings routing is working (status: 200)
]]>
</system-out>
</testcase>
<testcase name="Budget Control - Settings Functionality Tests › should test settings export functionality route" classname="settings.spec.js" time="4.182">
<system-out>
<![CDATA[✅ Settings export route status: 200
]]>
</system-out>
</testcase>
<testcase name="Budget Control - Settings Functionality Tests › should verify SettingsController methods are accessible" classname="settings.spec.js" time="6.941">
<system-out>
<![CDATA[✅ Settings controller methods accessible: 6/6
]]>
</system-out>
</testcase>
</testsuite>
</testsuites>